../Core/Src/main.c:82:5:main	16	static
../Core/Src/main.c:144:6:SystemClock_Config	88	static
../Core/Src/main.c:190:6:MX_ETH_Init	8	static
../Core/Src/main.c:239:6:MX_USART3_UART_Init	8	static
../Core/Src/main.c:272:6:MX_USB_OTG_FS_PCD_Init	8	static
../Core/Src/main.c:302:9:secuencia1	40	static
../Core/Src/main.c:332:9:secuencia2	40	static
../Core/Src/main.c:364:9:secuencia3	24	static
../Core/Src/main.c:388:9:secuencia4	32	static
../Core/Src/main.c:418:6:Error_Handler	4	static,ignoring_inline_asm
