Archive member included to satisfy reference by file (symbol)

C:/ST/STM32CubeIDE_1.16.1/STM32CubeIDE/plugins/com.st.stm32cube.ide.mcu.externaltools.gnu-tools-for-stm32.12.3.rel1.win32_1.0.200.202406191623/tools/bin/../lib/gcc/arm-none-eabi/12.3.1/../../../../arm-none-eabi/lib/thumb/v7e-m+fp/hard\libc_nano.a(libc_a-exit.o)
                              C:/ST/STM32CubeIDE_1.16.1/STM32CubeIDE/plugins/com.st.stm32cube.ide.mcu.externaltools.gnu-tools-for-stm32.12.3.rel1.win32_1.0.200.202406191623/tools/bin/../lib/gcc/arm-none-eabi/12.3.1/../../../../arm-none-eabi/lib/thumb/v7e-m+fp/hard/crt0.o (exit)
C:/ST/STM32CubeIDE_1.16.1/STM32CubeIDE/plugins/com.st.stm32cube.ide.mcu.externaltools.gnu-tools-for-stm32.12.3.rel1.win32_1.0.200.202406191623/tools/bin/../lib/gcc/arm-none-eabi/12.3.1/../../../../arm-none-eabi/lib/thumb/v7e-m+fp/hard\libc_nano.a(libc_a-findfp.o)
                              C:/ST/STM32CubeIDE_1.16.1/STM32CubeIDE/plugins/com.st.stm32cube.ide.mcu.externaltools.gnu-tools-for-stm32.12.3.rel1.win32_1.0.200.202406191623/tools/bin/../lib/gcc/arm-none-eabi/12.3.1/../../../../arm-none-eabi/lib/thumb/v7e-m+fp/hard\libc_nano.a(libc_a-exit.o) (__stdio_exit_handler)
C:/ST/STM32CubeIDE_1.16.1/STM32CubeIDE/plugins/com.st.stm32cube.ide.mcu.externaltools.gnu-tools-for-stm32.12.3.rel1.win32_1.0.200.202406191623/tools/bin/../lib/gcc/arm-none-eabi/12.3.1/../../../../arm-none-eabi/lib/thumb/v7e-m+fp/hard\libc_nano.a(libc_a-fwalk.o)
                              C:/ST/STM32CubeIDE_1.16.1/STM32CubeIDE/plugins/com.st.stm32cube.ide.mcu.externaltools.gnu-tools-for-stm32.12.3.rel1.win32_1.0.200.202406191623/tools/bin/../lib/gcc/arm-none-eabi/12.3.1/../../../../arm-none-eabi/lib/thumb/v7e-m+fp/hard\libc_nano.a(libc_a-findfp.o) (_fwalk_sglue)
C:/ST/STM32CubeIDE_1.16.1/STM32CubeIDE/plugins/com.st.stm32cube.ide.mcu.externaltools.gnu-tools-for-stm32.12.3.rel1.win32_1.0.200.202406191623/tools/bin/../lib/gcc/arm-none-eabi/12.3.1/../../../../arm-none-eabi/lib/thumb/v7e-m+fp/hard\libc_nano.a(libc_a-stdio.o)
                              C:/ST/STM32CubeIDE_1.16.1/STM32CubeIDE/plugins/com.st.stm32cube.ide.mcu.externaltools.gnu-tools-for-stm32.12.3.rel1.win32_1.0.200.202406191623/tools/bin/../lib/gcc/arm-none-eabi/12.3.1/../../../../arm-none-eabi/lib/thumb/v7e-m+fp/hard\libc_nano.a(libc_a-findfp.o) (__sread)
C:/ST/STM32CubeIDE_1.16.1/STM32CubeIDE/plugins/com.st.stm32cube.ide.mcu.externaltools.gnu-tools-for-stm32.12.3.rel1.win32_1.0.200.202406191623/tools/bin/../lib/gcc/arm-none-eabi/12.3.1/../../../../arm-none-eabi/lib/thumb/v7e-m+fp/hard\libc_nano.a(libc_a-memset.o)
                              C:/ST/STM32CubeIDE_1.16.1/STM32CubeIDE/plugins/com.st.stm32cube.ide.mcu.externaltools.gnu-tools-for-stm32.12.3.rel1.win32_1.0.200.202406191623/tools/bin/../lib/gcc/arm-none-eabi/12.3.1/../../../../arm-none-eabi/lib/thumb/v7e-m+fp/hard/crt0.o (memset)
C:/ST/STM32CubeIDE_1.16.1/STM32CubeIDE/plugins/com.st.stm32cube.ide.mcu.externaltools.gnu-tools-for-stm32.12.3.rel1.win32_1.0.200.202406191623/tools/bin/../lib/gcc/arm-none-eabi/12.3.1/../../../../arm-none-eabi/lib/thumb/v7e-m+fp/hard\libc_nano.a(libc_a-closer.o)
                              C:/ST/STM32CubeIDE_1.16.1/STM32CubeIDE/plugins/com.st.stm32cube.ide.mcu.externaltools.gnu-tools-for-stm32.12.3.rel1.win32_1.0.200.202406191623/tools/bin/../lib/gcc/arm-none-eabi/12.3.1/../../../../arm-none-eabi/lib/thumb/v7e-m+fp/hard\libc_nano.a(libc_a-stdio.o) (_close_r)
C:/ST/STM32CubeIDE_1.16.1/STM32CubeIDE/plugins/com.st.stm32cube.ide.mcu.externaltools.gnu-tools-for-stm32.12.3.rel1.win32_1.0.200.202406191623/tools/bin/../lib/gcc/arm-none-eabi/12.3.1/../../../../arm-none-eabi/lib/thumb/v7e-m+fp/hard\libc_nano.a(libc_a-reent.o)
                              C:/ST/STM32CubeIDE_1.16.1/STM32CubeIDE/plugins/com.st.stm32cube.ide.mcu.externaltools.gnu-tools-for-stm32.12.3.rel1.win32_1.0.200.202406191623/tools/bin/../lib/gcc/arm-none-eabi/12.3.1/../../../../arm-none-eabi/lib/thumb/v7e-m+fp/hard\libc_nano.a(libc_a-closer.o) (errno)
C:/ST/STM32CubeIDE_1.16.1/STM32CubeIDE/plugins/com.st.stm32cube.ide.mcu.externaltools.gnu-tools-for-stm32.12.3.rel1.win32_1.0.200.202406191623/tools/bin/../lib/gcc/arm-none-eabi/12.3.1/../../../../arm-none-eabi/lib/thumb/v7e-m+fp/hard\libc_nano.a(libc_a-impure.o)
                              C:/ST/STM32CubeIDE_1.16.1/STM32CubeIDE/plugins/com.st.stm32cube.ide.mcu.externaltools.gnu-tools-for-stm32.12.3.rel1.win32_1.0.200.202406191623/tools/bin/../lib/gcc/arm-none-eabi/12.3.1/../../../../arm-none-eabi/lib/thumb/v7e-m+fp/hard\libc_nano.a(libc_a-reent.o) (_impure_ptr)
C:/ST/STM32CubeIDE_1.16.1/STM32CubeIDE/plugins/com.st.stm32cube.ide.mcu.externaltools.gnu-tools-for-stm32.12.3.rel1.win32_1.0.200.202406191623/tools/bin/../lib/gcc/arm-none-eabi/12.3.1/../../../../arm-none-eabi/lib/thumb/v7e-m+fp/hard\libc_nano.a(libc_a-lseekr.o)
[...]
Memory Configuration

Name             Origin             Length             Attributes
CCMRAM           0x10000000         0x00010000         xrw
RAM              0x20000000         0x00030000         xrw
FLASH            0x08000000         0x00200000         xr
*default*        0x00000000         0xffffffff

Linker script and memory map

LOAD C:/ST/STM32CubeIDE_1.16.1/STM32CubeIDE/plugins/com.st.stm32cube.ide.mcu.externaltools.gnu-tools-for-stm32.12.3.rel1.win32_1.0.200.202406191623/tools/bin/../lib/gcc/arm-none-eabi/12.3.1/thumb/v7e-m+fp/hard/crti.o
LOAD C:/ST/STM32CubeIDE_1.16.1/STM32CubeIDE/plugins/com.st.stm32cube.ide.mcu.externaltools.gnu-tools-for-stm32.12.3.rel1.win32_1.0.200.202406191623/tools/bin/../lib/gcc/arm-none-eabi/12.3.1/thumb/v7e-m+fp/hard/crtbegin.o
LOAD C:/ST/STM32CubeIDE_1.16.1/STM32CubeIDE/plugins/com.st.stm32cube.ide.mcu.externaltools.gnu-tools-for-stm32.12.3.rel1.win32_1.0.200.202406191623/tools/bin/../lib/gcc/arm-none-eabi/12.3.1/../../../../arm-none-eabi/lib/thumb/v7e-m+fp/hard/crt0.o
LOAD ./Core/Src/gpio.o
LOAD ./Core/Src/i2c.o
LOAD ./Core/Src/main.o
LOAD ./Core/Src/stm32f4xx_hal_msp.o
LOAD ./Core/Src/stm32f4xx_it.o
LOAD ./Core/Src/syscalls.o
LOAD ./Core/Src/sysmem.o
LOAD ./Core/Src/system_stm32f4xx.o
LOAD ./Core/Src/usart.o
LOAD ./Core/Startup/startup_stm32f429zitx.o
LOAD ./Drivers/API/Src/API_IR.o
LOAD ./Drivers/API/Src/API_PIR.o
LOAD ./Drivers/API/Src/API_liquidcrystal_i2c.o
LOAD ./Drivers/STM32F4xx_HAL_Driver/Src/stm32f4xx_hal.o
LOAD ./Drivers/STM32F4xx_HAL_Driver/Src/stm32f4xx_hal_cortex.o
LOAD ./Drivers/STM32F4xx_HAL_Driver/Src/stm32f4xx_hal_dma.o
LOAD ./Drivers/STM32F4xx_HAL_Driver/Src/stm32f4xx_hal_dma_ex.o
LOAD ./Drivers/STM32F4xx_HAL_Driver/Src/stm32f4xx_hal_eth.o
LOAD ./Drivers/STM32F4xx_HAL_Driver/Src/stm32f4xx_hal_exti.o
LOAD ./Drivers/STM32F4xx_HAL_Driver/Src/stm32f4xx_hal_flash.o
LOAD ./Drivers/STM32F4xx_HAL_Driver/Src/stm32f4xx_hal_flash_ex.o
LOAD ./Drivers/STM32F4xx_HAL_Driver/Src/stm32f4xx_hal_flash_ramfunc.o
LOAD ./Drivers/STM32F4xx_HAL_Driver/Src/stm32f4xx_hal_gpio.o
LOAD ./Drivers/STM32F4xx_HAL_Driver/Src/stm32f4xx_hal_i2c.o
LOAD ./Drivers/STM32F4xx_HAL_Driver/Src/stm32f4xx_hal_i2c_ex.o
LOAD ./Drivers/STM32F4xx_HAL_Driver/Src/stm32f4xx_hal_pcd.o
LOAD ./Drivers/STM32F4xx_HAL_Driver/Src/stm32f4xx_hal_pcd_ex.o
LOAD ./Drivers/STM32F4xx_HAL_Driver/Src/stm32f4xx_hal_pwr.o
LOAD ./Drivers/STM32F4xx_HAL_Driver/Src/stm32f4xx_hal_pwr_ex.o
LOAD ./Drivers/STM32F4xx_HAL_Driver/Src/stm32f4xx_hal_rcc.o
LOAD ./Drivers/STM32F4xx_HAL_Driver/Src/stm32f4xx_hal_rcc_ex.o
LOAD ./Drivers/STM32F4xx_HAL_Driver/Src/stm32f4xx_hal_tim.o
LOAD ./Drivers/STM32F4xx_HAL_Driver/Src/stm32f4xx_hal_tim_ex.o
LOAD ./Drivers/STM32F4xx_HAL_Driver/Src/stm32f4xx_hal_uart.o
LOAD ./Drivers/STM32F4xx_HAL_Driver/Src/stm32f4xx_ll_usb.o
START GROUP
LOAD C:/ST/STM32CubeIDE_1.16.1/STM32CubeIDE/plugins/com.st.stm32cube.ide.mcu.externaltools.gnu-tools-for-stm32.12.3.rel1.win32_1.0.200.202406191623/tools/bin/../lib/gcc/arm-none-eabi/12.3.1/../../../../arm-none-eabi/lib/thumb/v7e-m+fp/hard\libc_nano.a
LOAD C:/ST/STM32CubeIDE_1.16.1/STM32CubeIDE/plugins/com.st.stm32cube.ide.mcu.externaltools.gnu-tools-for-stm32.12.3.rel1.win32_1.0.200.202406191623/tools/bin/../lib/gcc/arm-none-eabi/12.3.1/../../../../arm-none-eabi/lib/thumb/v7e-m+fp/hard\libm.a
END GROUP
START GROUP
LOAD C:/ST/STM32CubeIDE_1.16.1/STM32CubeIDE/plugins/com.st.stm32cube.ide.mcu.externaltools.gnu-tools-for-stm32.12.3.rel1.win32_1.0.200.202406191623/tools/bin/../lib/gcc/arm-none-eabi/12.3.1/thumb/v7e-m+fp/hard\libgcc.a
LOAD C:/ST/STM32CubeIDE_1.16.1/STM32CubeIDE/plugins/com.st.stm32cube.ide.mcu.externaltools.gnu-tools-for-stm32.12.3.rel1.win32_1.0.200.202406191623/tools/bin/../lib/gcc/arm-none-eabi/12.3.1/../../../../arm-none-eabi/lib/thumb/v7e-m+fp/hard\libc_nano.a
END GROUP
START GROUP
LOAD C:/ST/STM32CubeIDE_1.16.1/STM32CubeIDE/plugins/com.st.stm32cube.ide.mcu.externaltools.gnu-tools-for-stm32.12.3.rel1.win32_1.0.200.202406191623/tools/bin/../lib/gcc/arm-none-eabi/12.3.1/thumb/v7e-m+fp/hard\libgcc.a
LOAD C:/ST/STM32CubeIDE_1.16.1/STM32CubeIDE/plugins/com.st.stm32cube.ide.mcu.externaltools.gnu-tools-for-stm32.12.3.rel1.win32_1.0.200.202406191623/tools/bin/../lib/gcc/arm-none-eabi/12.3.1/../../../../arm-none-eabi/lib/thumb/v7e-m+fp/hard\libc_nano.a
LOAD C:/ST/STM32CubeIDE_1.16.1/STM32CubeIDE/plugins/com.st.stm32cube.ide.mcu.externaltools.gnu-tools-for-stm32.12.3.rel1.win32_1.0.200.202406191623/tools/bin/../lib/gcc/arm-none-eabi/12.3.1/../../../../arm-none-eabi/lib/thumb/v7e-m+fp/hard\libnosys.a
END GROUP
START GROUP
LOAD C:/ST/STM32CubeIDE_1.16.1/STM32CubeIDE/plugins/com.st.stm32cube.ide.mcu.externaltools.gnu-tools-for-stm32.12.3.rel1.win32_1.0.200.202406191623/tools/bin/../lib/gcc/arm-none-eabi/12.3.1/thumb/v7e-m+fp/hard\libgcc.a
LOAD C:/ST/STM32CubeIDE_1.16.1/STM32CubeIDE/plugins/com.st.stm32cube.ide.mcu.externaltools.gnu-tools-for-stm32.12.3.rel1.win32_1.0.200.202406191623/tools/bin/../lib/gcc/arm-none-eabi/12.3.1/../../../../arm-none-eabi/lib/thumb/v7e-m+fp/hard\libc_nano.a
LOAD C:/ST/STM32CubeIDE_1.16.1/STM32CubeIDE/plugins/com.st.stm32cube.ide.mcu.externaltools.gnu-tools-for-stm32.12.3.rel1.win32_1.0.200.202406191623/tools/bin/../lib/gcc/arm-none-eabi/12.3.1/../../../../arm-none-eabi/lib/thumb/v7e-m+fp/hard\libnosys.a
END GROUP
LOAD C:/ST/STM32CubeIDE_1.16.1/STM32CubeIDE/plugins/com.st.stm32cube.ide.mcu.externaltools.gnu-tools-for-stm32.12.3.rel1.win32_1.0.200.202406191623/tools/bin/../lib/gcc/arm-none-eabi/12.3.1/thumb/v7e-m+fp/hard/crtend.o
LOAD C:/ST/STM32CubeIDE_1.16.1/STM32CubeIDE/plugins/com.st.stm32cube.ide.mcu.externaltools.gnu-tools-for-stm32.12.3.rel1.win32_1.0.200.202406191623/tools/bin/../lib/gcc/arm-none-eabi/12.3.1/thumb/v7e-m+fp/hard/crtn.o
                0x20030000                        _estack = (ORIGIN (RAM) + LENGTH (RAM))
                0x00000200                        _Min_Heap_Size = 0x200
                0x00000400                        _Min_Stack_Size = 0x400

.isr_vector     0x08000000      0x1ac
                0x08000000                        . = ALIGN (0x4)
 *(.isr_vector)
 .isr_vector    0x08000000      0x1ac ./Core/Startup/startup_stm32f429zitx.o
                0x08000000                g_pfnVectors
                0x080001ac                        . = ALIGN (0x4)

.text           0x080001ac     0x3f00
                0x080001ac                        . = ALIGN (0x4)
 *(.text)
 .text          0x080001ac       0x40 C:/ST/STM32CubeIDE_1.16.1/STM32CubeIDE/plugins/com.st.stm32cube.ide.mcu.externaltools.gnu-tools-for-stm32.12.3.rel1.win32_1.0.200.202406191623/tools/bin/../lib/gcc/arm-none-eabi/12.3.1/thumb/v7e-m+fp/hard/crtbegin.o
 .text          0x080001ec       0x14 C:/ST/STM32CubeIDE_1.16.1/STM32CubeIDE/plugins/com.st.stm32cube.ide.mcu.externaltools.gnu-tools-for-stm32.12.3.rel1.win32_1.0.200.202406191623/tools/bin/../lib/gcc/arm-none-eabi/12.3.1/../../../../arm-none-eabi/lib/thumb/v7e-m+fp/hard\libc_nano.a(libc_a-strcmp.o)
                0x080001ec                strcmp
 .text          0x08000200       0x30 C:/ST/STM32CubeIDE_1.16.1/STM32CubeIDE/plugins/com.st.stm32cube.ide.mcu.externaltools.gnu-tools-for-stm32.12.3.rel1.win32_1.0.200.202406191623/tools/bin/../lib/gcc/arm-none-eabi/12.3.1/thumb/v7e-m+fp/hard\libgcc.a(_aeabi_uldivmod.o)
                0x08000200                __aeabi_uldivmod
 .text          0x08000230      0x2bc C:/ST/STM32CubeIDE_1.16.1/STM32CubeIDE/plugins/com.st.stm32cube.ide.mcu.externaltools.gnu-tools-for-stm32.12.3.rel1.win32_1.0.200.202406191623/tools/bin/../lib/gcc/arm-none-eabi/12.3.1/thumb/v7e-m+fp/hard\libgcc.a(_udivmoddi4.o)
                0x08000230                __udivmoddi4
 .text          0x080004ec        0x4 C:/ST/STM32CubeIDE_1.16.1/STM32CubeIDE/plugins/com.st.stm32cube.ide.mcu.externaltools.gnu-tools-for-stm32.12.3.rel1.win32_1.0.200.202406191623/tools/bin/../lib/gcc/arm-none-eabi/12.3.1/thumb/v7e-m+fp/hard\libgcc.a(_dvmd_tls.o)
                0x080004ec                __aeabi_idiv0
                0x080004ec                __aeabi_ldiv0
 *(.text*)
 .text.MX_GPIO_Init
                0x080004f0      0x188 ./Core/Src/gpio.o
                0x080004f0                MX_GPIO_Init
 .text.MX_I2C1_Init
                0x08000678       0x80 ./Core/Src/i2c.o
                0x08000678                MX_I2C1_Init
 .text.HAL_I2C_MspInit
                0x080006f8       0x90 ./Core/Src/i2c.o
                0x080006f8                HAL_I2C_MspInit
 .text.HAL_UART_RxCpltCallback
                0x08000788       0xac ./Core/Src/main.o
                0x08000788                HAL_UART_RxCpltCallback
 .text.main     0x08000834      0x30c ./Core/Src/main.o
                0x08000834                main
 .text.SystemClock_Config
                0x08000b40       0xd8 ./Core/Src/main.o
                0x08000b40                SystemClock_Config
 .text.Error_Handler
                0x08000c18        0xc ./Core/Src/main.o
                0x08000c18                Error_Handler
 .text.HAL_MspInit
                0x08000c24       0x50 ./Core/Src/stm32f4xx_hal_msp.o
                0x08000c24                HAL_MspInit
 .text.NMI_Handler
                0x08000c74        0x8 ./Core/Src/stm32f4xx_it.o
                0x08000c74                NMI_Handler
 .text.HardFault_Handler
                0x08000c7c        0x8 ./Core/Src/stm32f4xx_it.o
                0x08000c7c                HardFault_Handler
 .text.MemManage_Handler
                0x08000c84        0x8 ./Core/Src/stm32f4xx_it.o
                0x08000c84                MemManage_Handler
 .text.BusFault_Handler
                0x08000c8c        0x8 ./Core/Src/stm32f4xx_it.o
                0x08000c8c                BusFault_Handler
 .text.UsageFault_Handler
                0x08000c94        0x8 ./Core/Src/stm32f4xx_it.o
                0x08000c94                UsageFault_Handler
 .text.SVC_Handler
                0x08000c9c        0xe ./Core/Src/stm32f4xx_it.o
                0x08000c9c                SVC_Handler
 .text.DebugMon_Handler
                0x08000caa        0xe ./Core/Src/stm32f4xx_it.o
                0x08000caa                DebugMon_Handler
 .text.PendSV_Handler
                0x08000cb8        0xe ./Core/Src/stm32f4xx_it.o
                0x08000cb8                PendSV_Handler
 .text.SysTick_Handler
                0x08000cc6        0xc ./Core/Src/stm32f4xx_it.o
                0x08000cc6                SysTick_Handler
 *fill*         0x08000cd2        0x2 
 .text.USART3_IRQHandler
                0x08000cd4       0x14 ./Core/Src/stm32f4xx_it.o
                0x08000cd4                USART3_IRQHandler
 .text.SystemInit
                0x08000ce8       0x24 ./Core/Src/system_stm32f4xx.o
                0x08000ce8                SystemInit
 .text.MX_USART3_UART_Init
                0x08000d0c       0x54 ./Core/Src/usart.o
                0x08000d0c                MX_USART3_UART_Init
 .text.HAL_UART_MspInit
                0x08000d60       0xa0 ./Core/Src/usart.o
                0x08000d60                HAL_UART_MspInit
 .text.Reset_Handler
                0x08000e00       0x50 ./Core/Startup/startup_stm32f429zitx.o
                0x08000e00                Reset_Handler
 .text.Default_Handler
                0x08000e50        0x2 ./Core/Startup/startup_stm32f429zitx.o
                0x08000e50                RTC_Alarm_IRQHandler
                0x08000e50                HASH_RNG_IRQHandler
                0x08000e50                EXTI2_IRQHandler
                0x08000e50                TIM8_CC_IRQHandler
                0x08000e50                UART8_IRQHandler
                0x08000e50                SPI4_IRQHandler
                0x08000e50                TIM1_CC_IRQHandler
                0x08000e50                DMA2_Stream5_IRQHandler
                0x08000e50                DMA1_Stream5_IRQHandler
                0x08000e50                PVD_IRQHandler
                0x08000e50                SDIO_IRQHandler
                0x08000e50                TAMP_STAMP_IRQHandler
                0x08000e50                CAN2_RX1_IRQHandler
                0x08000e50                EXTI3_IRQHandler
                0x08000e50                TIM8_TRG_COM_TIM14_IRQHandler
                0x08000e50                TIM1_UP_TIM10_IRQHandler
                0x08000e50                TIM8_UP_TIM13_IRQHandler
                0x08000e50                I2C3_ER_IRQHandler
                0x08000e50                EXTI0_IRQHandler
                0x08000e50                I2C2_EV_IRQHandler
                0x08000e50                DMA1_Stream2_IRQHandler
                0x08000e50                CAN1_RX0_IRQHandler
                0x08000e50                FPU_IRQHandler
                0x08000e50                OTG_HS_WKUP_IRQHandler
                0x08000e50                LTDC_ER_IRQHandler
                0x08000e50                CAN2_SCE_IRQHandler
                0x08000e50                DMA2_Stream2_IRQHandler
                0x08000e50                SPI1_IRQHandler
                0x08000e50                TIM6_DAC_IRQHandler
                0x08000e50                TIM1_BRK_TIM9_IRQHandler
                0x08000e50                DCMI_IRQHandler
                0x08000e50                CAN2_RX0_IRQHandler
                0x08000e50                DMA2_Stream3_IRQHandler
                0x08000e50                USART6_IRQHandler
                0x08000e50                CAN1_RX1_IRQHandler
                0x08000e50                UART5_IRQHandler
                0x08000e50                DMA2_Stream0_IRQHandler
                0x08000e50                TIM4_IRQHandler
                0x08000e50                I2C1_EV_IRQHandler
                0x08000e50                DMA1_Stream6_IRQHandler
                0x08000e50                DMA1_Stream1_IRQHandler
                0x08000e50                UART4_IRQHandler
                0x08000e50                TIM3_IRQHandler
                0x08000e50                RCC_IRQHandler
                0x08000e50                TIM8_BRK_TIM12_IRQHandler
                0x08000e50                Default_Handler
                0x08000e50                EXTI15_10_IRQHandler
                0x08000e50                ADC_IRQHandler
                0x08000e50                DMA1_Stream7_IRQHandler
                0x08000e50                SPI5_IRQHandler
                0x08000e50                TIM7_IRQHandler
                0x08000e50                CAN2_TX_IRQHandler
                0x08000e50                TIM5_IRQHandler
                0x08000e50                DMA2_Stream7_IRQHandler
                0x08000e50                I2C3_EV_IRQHandler
                0x08000e50                EXTI9_5_IRQHandler
                0x08000e50                RTC_WKUP_IRQHandler
                0x08000e50                LTDC_IRQHandler
                0x08000e50                ETH_WKUP_IRQHandler
                0x08000e50                SPI2_IRQHandler
                0x08000e50                OTG_HS_EP1_IN_IRQHandler
                0x08000e50                DMA1_Stream0_IRQHandler
                0x08000e50                CAN1_TX_IRQHandler
                0x08000e50                EXTI4_IRQHandler
                0x08000e50                ETH_IRQHandler
                0x08000e50                OTG_HS_EP1_OUT_IRQHandler
                0x08000e50                WWDG_IRQHandler
                0x08000e50                SPI6_IRQHandler
                0x08000e50                TIM2_IRQHandler
                0x08000e50                OTG_FS_WKUP_IRQHandler
                0x08000e50                TIM1_TRG_COM_TIM11_IRQHandler
                0x08000e50                OTG_HS_IRQHandler
                0x08000e50                DMA2D_IRQHandler
                0x08000e50                EXTI1_IRQHandler
                0x08000e50                UART7_IRQHandler
                0x08000e50                USART2_IRQHandler
                0x08000e50                I2C2_ER_IRQHandler
                0x08000e50                DMA2_Stream1_IRQHandler
                0x08000e50                CAN1_SCE_IRQHandler
                0x08000e50                FLASH_IRQHandler
                0x08000e50                DMA2_Stream4_IRQHandler
                0x08000e50                USART1_IRQHandler
                0x08000e50                OTG_FS_IRQHandler
                0x08000e50                SPI3_IRQHandler
                0x08000e50                DMA1_Stream4_IRQHandler
                0x08000e50                I2C1_ER_IRQHandler
                0x08000e50                FMC_IRQHandler
                0x08000e50                DMA2_Stream6_IRQHandler
                0x08000e50                SAI1_IRQHandler
                0x08000e50                DMA1_Stream3_IRQHandler
 *fill*         0x08000e52        0x2 
 .text.activando_alarma
                0x08000e54       0x44 ./Drivers/API/Src/API_IR.o
                0x08000e54                activando_alarma
 .text.alarma_sonando
                0x08000e98       0x34 ./Drivers/API/Src/API_IR.o
                0x08000e98                alarma_sonando
 .text.alarma_conteo
                0x08000ecc       0x40 ./Drivers/API/Src/API_IR.o
                0x08000ecc                alarma_conteo
 .text.led_on   0x08000f0c       0x28 ./Drivers/API/Src/API_PIR.o
                0x08000f0c                led_on
 .text.led_off  0x08000f34       0x18 ./Drivers/API/Src/API_PIR.o
                0x08000f34                led_off
 .text.alarma_desactivada
                0x08000f4c       0x38 ./Drivers/API/Src/API_PIR.o
                0x08000f4c                alarma_desactivada
 .text.HD44780_Init
                0x08000f84      0x108 ./Drivers/API/Src/API_liquidcrystal_i2c.o
                0x08000f84                HD44780_Init
 .text.HD44780_Clear
                0x0800108c       0x16 ./Drivers/API/Src/API_liquidcrystal_i2c.o
                0x0800108c                HD44780_Clear
 .text.HD44780_Home
                0x080010a2       0x16 ./Drivers/API/Src/API_liquidcrystal_i2c.o
                0x080010a2                HD44780_Home
 .text.HD44780_SetCursor
                0x080010b8       0x64 ./Drivers/API/Src/API_liquidcrystal_i2c.o
                0x080010b8                HD44780_SetCursor
 .text.HD44780_Display
                0x0800111c       0x2c ./Drivers/API/Src/API_liquidcrystal_i2c.o
                0x0800111c                HD44780_Display
 .text.HD44780_CreateSpecialChar
                0x08001148       0x52 ./Drivers/API/Src/API_liquidcrystal_i2c.o
                0x08001148                HD44780_CreateSpecialChar
 .text.HD44780_PrintStr
                0x0800119a       0x2a ./Drivers/API/Src/API_liquidcrystal_i2c.o
                0x0800119a                HD44780_PrintStr
 .text.SendCommand
                0x080011c4       0x1c ./Drivers/API/Src/API_liquidcrystal_i2c.o
 .text.SendChar
                0x080011e0       0x1c ./Drivers/API/Src/API_liquidcrystal_i2c.o
 .text.Send     0x080011fc       0x42 ./Drivers/API/Src/API_liquidcrystal_i2c.o
 .text.Write4Bits
                0x0800123e       0x22 ./Drivers/API/Src/API_liquidcrystal_i2c.o
 .text.ExpanderWrite
                0x08001260       0x38 ./Drivers/API/Src/API_liquidcrystal_i2c.o
 .text.PulseEnable
                0x08001298       0x3a ./Drivers/API/Src/API_liquidcrystal_i2c.o
 *fill*         0x080012d2        0x2 
 .text.DelayInit
                0x080012d4       0x54 ./Drivers/API/Src/API_liquidcrystal_i2c.o
 .text.DelayUS  0x08001328       0x50 ./Drivers/API/Src/API_liquidcrystal_i2c.o
 .text.HAL_Init
                0x08001378       0x44 ./Drivers/STM32F4xx_HAL_Driver/Src/stm32f4xx_hal.o
                0x08001378                HAL_Init
 .text.HAL_InitTick
                0x080013bc       0x60 ./Drivers/STM32F4xx_HAL_Driver/Src/stm32f4xx_hal.o
                0x080013bc                HAL_InitTick
 .text.HAL_IncTick
                0x0800141c       0x28 ./Drivers/STM32F4xx_HAL_Driver/Src/stm32f4xx_hal.o
                0x0800141c                HAL_IncTick
 .text.HAL_GetTick
                0x08001444       0x18 ./Drivers/STM32F4xx_HAL_Driver/Src/stm32f4xx_hal.o
                0x08001444                HAL_GetTick
 .text.HAL_Delay
                0x0800145c       0x48 ./Drivers/STM32F4xx_HAL_Driver/Src/stm32f4xx_hal.o
                0x0800145c                HAL_Delay
 .text.__NVIC_SetPriorityGrouping
                0x080014a4       0x48 ./Drivers/STM32F4xx_HAL_Driver/Src/stm32f4xx_hal_cortex.o
 .text.__NVIC_GetPriorityGrouping
                0x080014ec       0x1c ./Drivers/STM32F4xx_HAL_Driver/Src/stm32f4xx_hal_cortex.o
 .text.__NVIC_EnableIRQ
                0x08001508       0x3c ./Drivers/STM32F4xx_HAL_Driver/Src/stm32f4xx_hal_cortex.o
 .text.__NVIC_SetPriority
                0x08001544       0x54 ./Drivers/STM32F4xx_HAL_Driver/Src/stm32f4xx_hal_cortex.o
 .text.NVIC_EncodePriority
                0x08001598       0x66 ./Drivers/STM32F4xx_HAL_Driver/Src/stm32f4xx_hal_cortex.o
 *fill*         0x080015fe        0x2 
 .text.SysTick_Config
                0x08001600       0x44 ./Drivers/STM32F4xx_HAL_Driver/Src/stm32f4xx_hal_cortex.o
 .text.HAL_NVIC_SetPriorityGrouping
                0x08001644       0x16 ./Drivers/STM32F4xx_HAL_Driver/Src/stm32f4xx_hal_cortex.o
                0x08001644                HAL_NVIC_SetPriorityGrouping
 .text.HAL_NVIC_SetPriority
                0x0800165a       0x38 ./Drivers/STM32F4xx_HAL_Driver/Src/stm32f4xx_hal_cortex.o
                0x0800165a                HAL_NVIC_SetPriority
 .text.HAL_NVIC_EnableIRQ
                0x08001692       0x1c ./Drivers/STM32F4xx_HAL_Driver/Src/stm32f4xx_hal_cortex.o
                0x08001692                HAL_NVIC_EnableIRQ
 .text.HAL_SYSTICK_Config
                0x080016ae       0x18 ./Drivers/STM32F4xx_HAL_Driver/Src/stm32f4xx_hal_cortex.o
                0x080016ae                HAL_SYSTICK_Config
 .text.HAL_DMA_Abort
                0x080016c6       0xe0 ./Drivers/STM32F4xx_HAL_Driver/Src/stm32f4xx_hal_dma.o
                0x080016c6                HAL_DMA_Abort
 .text.HAL_DMA_Abort_IT
                0x080017a6       0x44 ./Drivers/STM32F4xx_HAL_Driver/Src/stm32f4xx_hal_dma.o
                0x080017a6                HAL_DMA_Abort_IT
 *fill*         0x080017ea        0x2 
 .text.HAL_GPIO_Init
                0x080017ec      0x358 ./Drivers/STM32F4xx_HAL_Driver/Src/stm32f4xx_hal_gpio.o
                0x080017ec                HAL_GPIO_Init
 .text.HAL_GPIO_ReadPin
                0x08001b44       0x30 ./Drivers/STM32F4xx_HAL_Driver/Src/stm32f4xx_hal_gpio.o
                0x08001b44                HAL_GPIO_ReadPin
 .text.HAL_GPIO_WritePin
                0x08001b74       0x32 ./Drivers/STM32F4xx_HAL_Driver/Src/stm32f4xx_hal_gpio.o
                0x08001b74                HAL_GPIO_WritePin
 *fill*         0x08001ba6        0x2 
 .text.HAL_I2C_Init
                0x08001ba8      0x300 ./Drivers/STM32F4xx_HAL_Driver/Src/stm32f4xx_hal_i2c.o
                0x08001ba8                HAL_I2C_Init
 .text.HAL_I2C_Master_Transmit
                0x08001ea8      0x1fc ./Drivers/STM32F4xx_HAL_Driver/Src/stm32f4xx_hal_i2c.o
                0x08001ea8                HAL_I2C_Master_Transmit
 .text.HAL_I2C_MasterTxCpltCallback
                0x080020a4       0x14 ./Drivers/STM32F4xx_HAL_Driver/Src/stm32f4xx_hal_i2c.o
                0x080020a4                HAL_I2C_MasterTxCpltCallback
 .text.HAL_I2C_MasterRxCpltCallback
                0x080020b8       0x14 ./Drivers/STM32F4xx_HAL_Driver/Src/stm32f4xx_hal_i2c.o
                0x080020b8                HAL_I2C_MasterRxCpltCallback
 .text.HAL_I2C_SlaveTxCpltCallback
                0x080020cc       0x14 ./Drivers/STM32F4xx_HAL_Driver/Src/stm32f4xx_hal_i2c.o
                0x080020cc                HAL_I2C_SlaveTxCpltCallback
 .text.HAL_I2C_SlaveRxCpltCallback
                0x080020e0       0x14 ./Drivers/STM32F4xx_HAL_Driver/Src/stm32f4xx_hal_i2c.o
                0x080020e0                HAL_I2C_SlaveRxCpltCallback
 .text.HAL_I2C_AddrCallback
                0x080020f4       0x1c ./Drivers/STM32F4xx_HAL_Driver/Src/stm32f4xx_hal_i2c.o
                0x080020f4                HAL_I2C_AddrCallback
 .text.HAL_I2C_ListenCpltCallback
                0x08002110       0x14 ./Drivers/STM32F4xx_HAL_Driver/Src/stm32f4xx_hal_i2c.o
                0x08002110                HAL_I2C_ListenCpltCallback
 .text.HAL_I2C_MemTxCpltCallback
                0x08002124       0x14 ./Drivers/STM32F4xx_HAL_Driver/Src/stm32f4xx_hal_i2c.o
                0x08002124                HAL_I2C_MemTxCpltCallback
 .text.HAL_I2C_MemRxCpltCallback
                0x08002138       0x14 ./Drivers/STM32F4xx_HAL_Driver/Src/stm32f4xx_hal_i2c.o
                0x08002138                HAL_I2C_MemRxCpltCallback
 .text.HAL_I2C_ErrorCallback
                0x0800214c       0x14 ./Drivers/STM32F4xx_HAL_Driver/Src/stm32f4xx_hal_i2c.o
                0x0800214c                HAL_I2C_ErrorCallback
 .text.HAL_I2C_AbortCpltCallback
                0x08002160       0x14 ./Drivers/STM32F4xx_HAL_Driver/Src/stm32f4xx_hal_i2c.o
                0x08002160                HAL_I2C_AbortCpltCallback
 .text.I2C_MasterRequestWrite
                0x08002174      0x104 ./Drivers/STM32F4xx_HAL_Driver/Src/stm32f4xx_hal_i2c.o
 .text.I2C_WaitOnFlagUntilTimeout
                0x08002278       0xf4 ./Drivers/STM32F4xx_HAL_Driver/Src/stm32f4xx_hal_i2c.o
 .text.I2C_WaitOnMasterAddressFlagUntilTimeout
                0x0800236c      0x140 ./Drivers/STM32F4xx_HAL_Driver/Src/stm32f4xx_hal_i2c.o
 .text.I2C_WaitOnTXEFlagUntilTimeout
                0x080024ac       0x90 ./Drivers/STM32F4xx_HAL_Driver/Src/stm32f4xx_hal_i2c.o
 .text.I2C_WaitOnBTFFlagUntilTimeout
                0x0800253c       0x90 ./Drivers/STM32F4xx_HAL_Driver/Src/stm32f4xx_hal_i2c.o
 .text.I2C_IsAcknowledgeFailed
                0x080025cc       0x5e ./Drivers/STM32F4xx_HAL_Driver/Src/stm32f4xx_hal_i2c.o
 .text.HAL_I2CEx_ConfigAnalogFilter
                0x0800262a       0x78 ./Drivers/STM32F4xx_HAL_Driver/Src/stm32f4xx_hal_i2c_ex.o
                0x0800262a                HAL_I2CEx_ConfigAnalogFilter
 .text.HAL_I2CEx_ConfigDigitalFilter
                0x080026a2       0x7e ./Drivers/STM32F4xx_HAL_Driver/Src/stm32f4xx_hal_i2c_ex.o
                0x080026a2                HAL_I2CEx_ConfigDigitalFilter
 .text.HAL_RCC_OscConfig
                0x08002720      0x4f0 ./Drivers/STM32F4xx_HAL_Driver/Src/stm32f4xx_hal_rcc.o
                0x08002720                HAL_RCC_OscConfig
 .text.HAL_RCC_ClockConfig
                0x08002c10      0x1cc ./Drivers/STM32F4xx_HAL_Driver/Src/stm32f4xx_hal_rcc.o
                0x08002c10                HAL_RCC_ClockConfig
 .text.HAL_RCC_GetSysClockFreq
                0x08002ddc      0x20c ./Drivers/STM32F4xx_HAL_Driver/Src/stm32f4xx_hal_rcc.o
                0x08002ddc                HAL_RCC_GetSysClockFreq
 .text.HAL_RCC_GetHCLKFreq
                0x08002fe8       0x18 ./Drivers/STM32F4xx_HAL_Driver/Src/stm32f4xx_hal_rcc.o
                0x08002fe8                HAL_RCC_GetHCLKFreq
 .text.HAL_RCC_GetPCLK1Freq
                0x08003000       0x28 ./Drivers/STM32F4xx_HAL_Driver/Src/stm32f4xx_hal_rcc.o
                0x08003000                HAL_RCC_GetPCLK1Freq
 .text.HAL_RCC_GetPCLK2Freq
                0x08003028       0x28 ./Drivers/STM32F4xx_HAL_Driver/Src/stm32f4xx_hal_rcc.o
                0x08003028                HAL_RCC_GetPCLK2Freq
 .text.HAL_UART_Init
                0x08003050       0xbc ./Drivers/STM32F4xx_HAL_Driver/Src/stm32f4xx_hal_uart.o
                0x08003050                HAL_UART_Init
 .text.HAL_UART_Receive_IT
                0x0800310c       0x4a ./Drivers/STM32F4xx_HAL_Driver/Src/stm32f4xx_hal_uart.o
                0x0800310c                HAL_UART_Receive_IT
 *fill*         0x08003156        0x2 
 .text.HAL_UART_IRQHandler
                0x08003158      0x530 ./Drivers/STM32F4xx_HAL_Driver/Src/stm32f4xx_hal_uart.o
                0x08003158                HAL_UART_IRQHandler
 .text.HAL_UART_TxCpltCallback
                0x08003688       0x14 ./Drivers/STM32F4xx_HAL_Driver/Src/stm32f4xx_hal_uart.o
                0x08003688                HAL_UART_TxCpltCallback
 .text.HAL_UART_TxHalfCpltCallback
                0x0800369c       0x14 ./Drivers/STM32F4xx_HAL_Driver/Src/stm32f4xx_hal_uart.o
                0x0800369c                HAL_UART_TxHalfCpltCallback
 .text.HAL_UART_RxHalfCpltCallback
                0x080036b0       0x14 ./Drivers/STM32F4xx_HAL_Driver/Src/stm32f4xx_hal_uart.o
                0x080036b0                HAL_UART_RxHalfCpltCallback
 .text.HAL_UART_ErrorCallback
                0x080036c4       0x14 ./Drivers/STM32F4xx_HAL_Driver/Src/stm32f4xx_hal_uart.o
                0x080036c4                HAL_UART_ErrorCallback
 .text.HAL_UART_AbortCpltCallback
                0x080036d8       0x14 ./Drivers/STM32F4xx_HAL_Driver/Src/stm32f4xx_hal_uart.o
                0x080036d8                HAL_UART_AbortCpltCallback
 .text.HAL_UART_AbortTransmitCpltCallback
                0x080036ec       0x14 ./Drivers/STM32F4xx_HAL_Driver/Src/stm32f4xx_hal_uart.o
                0x080036ec                HAL_UART_AbortTransmitCpltCallback
 .text.HAL_UART_AbortReceiveCpltCallback
                0x08003700       0x14 ./Drivers/STM32F4xx_HAL_Driver/Src/stm32f4xx_hal_uart.o
                0x08003700                HAL_UART_AbortReceiveCpltCallback
 .text.HAL_UARTEx_RxEventCallback
                0x08003714       0x18 ./Drivers/STM32F4xx_HAL_Driver/Src/stm32f4xx_hal_uart.o
                0x08003714                HAL_UARTEx_RxEventCallback
 .text.UART_InitCallbacksToDefault
                0x0800372c       0x70 ./Drivers/STM32F4xx_HAL_Driver/Src/stm32f4xx_hal_uart.o
                0x0800372c                UART_InitCallbacksToDefault
 .text.UART_Start_Receive_IT
                0x0800379c       0x74 ./Drivers/STM32F4xx_HAL_Driver/Src/stm32f4xx_hal_uart.o
                0x0800379c                UART_Start_Receive_IT
 .text.UART_EndRxTransfer
                0x08003810       0xc6 ./Drivers/STM32F4xx_HAL_Driver/Src/stm32f4xx_hal_uart.o
 .text.UART_DMAAbortOnError
                0x080038d6       0x2a ./Drivers/STM32F4xx_HAL_Driver/Src/stm32f4xx_hal_uart.o
 .text.UART_Transmit_IT
                0x08003900       0xa0 ./Drivers/STM32F4xx_HAL_Driver/Src/stm32f4xx_hal_uart.o
 .text.UART_EndTransmit_IT
                0x080039a0       0x32 ./Drivers/STM32F4xx_HAL_Driver/Src/stm32f4xx_hal_uart.o
 .text.UART_Receive_IT
                0x080039d2      0x180 ./Drivers/STM32F4xx_HAL_Driver/Src/stm32f4xx_hal_uart.o
 *fill*         0x08003b52        0x2 
 .text.UART_SetConfig
                0x08003b54      0x4e8 ./Drivers/STM32F4xx_HAL_Driver/Src/stm32f4xx_hal_uart.o
 .text.memset   0x0800403c       0x10 C:/ST/STM32CubeIDE_1.16.1/STM32CubeIDE/plugins/com.st.stm32cube.ide.mcu.externaltools.gnu-tools-for-stm32.12.3.rel1.win32_1.0.200.202406191623/tools/bin/../lib/gcc/arm-none-eabi/12.3.1/../../../../arm-none-eabi/lib/thumb/v7e-m+fp/hard\libc_nano.a(libc_a-memset.o)
                0x0800403c                memset
 .text.__libc_init_array
                0x0800404c       0x48 C:/ST/STM32CubeIDE_1.16.1/STM32CubeIDE/plugins/com.st.stm32cube.ide.mcu.externaltools.gnu-tools-for-stm32.12.3.rel1.win32_1.0.200.202406191623/tools/bin/../lib/gcc/arm-none-eabi/12.3.1/../../../../arm-none-eabi/lib/thumb/v7e-m+fp/hard\libc_nano.a(libc_a-init.o)
                0x0800404c                __libc_init_array
 *(.glue_7)
 .glue_7        0x08004094        0x0 linker stubs
 *(.glue_7t)
 .glue_7t       0x08004094        0x0 linker stubs
 *(.eh_frame)
 .eh_frame      0x08004094        0x0 C:/ST/STM32CubeIDE_1.16.1/STM32CubeIDE/plugins/com.st.stm32cube.ide.mcu.externaltools.gnu-tools-for-stm32.12.3.rel1.win32_1.0.200.202406191623/tools/bin/../lib/gcc/arm-none-eabi/12.3.1/thumb/v7e-m+fp/hard/crtbegin.o
 *(.init)
 .init          0x08004094        0x4 C:/ST/STM32CubeIDE_1.16.1/STM32CubeIDE/plugins/com.st.stm32cube.ide.mcu.externaltools.gnu-tools-for-stm32.12.3.rel1.win32_1.0.200.202406191623/tools/bin/../lib/gcc/arm-none-eabi/12.3.1/thumb/v7e-m+fp/hard/crti.o
                0x08004094                _init
 .init          0x08004098        0x8 C:/ST/STM32CubeIDE_1.16.1/STM32CubeIDE/plugins/com.st.stm32cube.ide.mcu.externaltools.gnu-tools-for-stm32.12.3.rel1.win32_1.0.200.202406191623/tools/bin/../lib/gcc/arm-none-eabi/12.3.1/thumb/v7e-m+fp/hard/crtn.o
 *(.fini)
 .fini          0x080040a0        0x4 C:/ST/STM32CubeIDE_1.16.1/STM32CubeIDE/plugins/com.st.stm32cube.ide.mcu.externaltools.gnu-tools-for-stm32.12.3.rel1.win32_1.0.200.202406191623/tools/bin/../lib/gcc/arm-none-eabi/12.3.1/thumb/v7e-m+fp/hard/crti.o
                0x080040a0                _fini
 .fini          0x080040a4        0x8 C:/ST/STM32CubeIDE_1.16.1/STM32CubeIDE/plugins/com.st.stm32cube.ide.mcu.externaltools.gnu-tools-for-stm32.12.3.rel1.win32_1.0.200.202406191623/tools/bin/../lib/gcc/arm-none-eabi/12.3.1/thumb/v7e-m+fp/hard/crtn.o
                0x080040ac                        . = ALIGN (0x4)
                0x080040ac                        _etext = .

.vfp11_veneer   0x080040ac        0x0
 .vfp11_veneer  0x080040ac        0x0 linker stubs

.v4_bx          0x080040ac        0x0
 .v4_bx         0x080040ac        0x0 linker stubs

.iplt           0x080040ac        0x0
 .iplt          0x080040ac        0x0 C:/ST/STM32CubeIDE_1.16.1/STM32CubeIDE/plugins/com.st.stm32cube.ide.mcu.externaltools.gnu-tools-for-stm32.12.3.rel1.win32_1.0.200.202406191623/tools/bin/../lib/gcc/arm-none-eabi/12.3.1/thumb/v7e-m+fp/hard/crtbegin.o

.rodata         0x080040ac       0xb0
                0x080040ac                        . = ALIGN (0x4)
 *(.rodata)
 .rodata        0x080040ac       0x3d ./Core/Src/main.o
 *fill*         0x080040e9        0x3 
 .rodata        0x080040ec       0x33 ./Drivers/API/Src/API_IR.o
 *fill*         0x0800411f        0x1 
 .rodata        0x08004120       0x14 ./Drivers/API/Src/API_PIR.o
 .rodata        0x08004134       0x10 ./Drivers/API/Src/API_liquidcrystal_i2c.o
 *(.rodata*)
 .rodata.AHBPrescTable
                0x08004144       0x10 ./Core/Src/system_stm32f4xx.o
                0x08004144                AHBPrescTable
 .rodata.APBPrescTable
                0x08004154        0x8 ./Core/Src/system_stm32f4xx.o
                0x08004154                APBPrescTable
                0x0800415c                        . = ALIGN (0x4)

.ARM.extab      0x0800415c        0x0
                0x0800415c                        . = ALIGN (0x4)
 *(.ARM.extab* .gnu.linkonce.armextab.*)
                0x0800415c                        . = ALIGN (0x4)

.ARM            0x0800415c        0x8
                0x0800415c                        . = ALIGN (0x4)
                0x0800415c                        __exidx_start = .
 *(.ARM.exidx*)
 .ARM.exidx     0x0800415c        0x8 C:/ST/STM32CubeIDE_1.16.1/STM32CubeIDE/plugins/com.st.stm32cube.ide.mcu.externaltools.gnu-tools-for-stm32.12.3.rel1.win32_1.0.200.202406191623/tools/bin/../lib/gcc/arm-none-eabi/12.3.1/../../../../arm-none-eabi/lib/thumb/v7e-m+fp/hard\libc_nano.a(libc_a-strcmp.o)
 .ARM.exidx     0x08004164        0x0 C:/ST/STM32CubeIDE_1.16.1/STM32CubeIDE/plugins/com.st.stm32cube.ide.mcu.externaltools.gnu-tools-for-stm32.12.3.rel1.win32_1.0.200.202406191623/tools/bin/../lib/gcc/arm-none-eabi/12.3.1/thumb/v7e-m+fp/hard\libgcc.a(_udivmoddi4.o)
                                  0x8 (size before relaxing)
                0x08004164                        __exidx_end = .
                0x08004164                        . = ALIGN (0x4)

.preinit_array  0x08004164        0x0
                0x08004164                        . = ALIGN (0x4)
                0x08004164                        PROVIDE (__preinit_array_start = .)
 *(.preinit_array*)
                0x08004164                        PROVIDE (__preinit_array_end = .)
                0x08004164                        . = ALIGN (0x4)

.init_array     0x08004164        0x4
                0x08004164                        . = ALIGN (0x4)
                0x08004164                        PROVIDE (__init_array_start = .)
 *(SORT_BY_NAME(.init_array.*))
 *(.init_array*)
 .init_array    0x08004164        0x4 C:/ST/STM32CubeIDE_1.16.1/STM32CubeIDE/plugins/com.st.stm32cube.ide.mcu.externaltools.gnu-tools-for-stm32.12.3.rel1.win32_1.0.200.202406191623/tools/bin/../lib/gcc/arm-none-eabi/12.3.1/thumb/v7e-m+fp/hard/crtbegin.o
                0x08004168                        PROVIDE (__init_array_end = .)
                0x08004168                        . = ALIGN (0x4)

.fini_array     0x08004168        0x4
                0x08004168                        . = ALIGN (0x4)
                [!provide]                        PROVIDE (__fini_array_start = .)
 *(SORT_BY_NAME(.fini_array.*))
 *(.fini_array*)
 .fini_array    0x08004168        0x4 C:/ST/STM32CubeIDE_1.16.1/STM32CubeIDE/plugins/com.st.stm32cube.ide.mcu.externaltools.gnu-tools-for-stm32.12.3.rel1.win32_1.0.200.202406191623/tools/bin/../lib/gcc/arm-none-eabi/12.3.1/thumb/v7e-m+fp/hard/crtbegin.o
                [!provide]                        PROVIDE (__fini_array_end = .)
                0x0800416c                        . = ALIGN (0x4)
                0x0800416c                        _sidata = LOADADDR (.data)

.rel.dyn        0x0800416c        0x0
 .rel.iplt      0x0800416c        0x0 C:/ST/STM32CubeIDE_1.16.1/STM32CubeIDE/plugins/com.st.stm32cube.ide.mcu.externaltools.gnu-tools-for-stm32.12.3.rel1.win32_1.0.200.202406191623/tools/bin/../lib/gcc/arm-none-eabi/12.3.1/thumb/v7e-m+fp/hard/crtbegin.o

.data           0x20000000       0x20 load address 0x0800416c
                0x20000000                        . = ALIGN (0x4)
                0x20000000                        _sdata = .
 *(.data)
 *(.data*)
 .data.tiempoEspera
                0x20000000        0x4 ./Core/Src/main.o
                0x20000000                tiempoEspera
 .data.SystemCoreClock
                0x20000004        0x4 ./Core/Src/system_stm32f4xx.o
                0x20000004                SystemCoreClock
 .data.special1
                0x20000008        0x8 ./Drivers/API/Src/API_liquidcrystal_i2c.o
                0x20000008                special1
 .data.special2
                0x20000010        0x8 ./Drivers/API/Src/API_liquidcrystal_i2c.o
                0x20000010                special2
 .data.uwTickPrio
                0x20000018        0x4 ./Drivers/STM32F4xx_HAL_Driver/Src/stm32f4xx_hal.o
                0x20000018                uwTickPrio
 .data.uwTickFreq
                0x2000001c        0x1 ./Drivers/STM32F4xx_HAL_Driver/Src/stm32f4xx_hal.o
                0x2000001c                uwTickFreq
 *(.RamFunc)
 *(.RamFunc*)
                0x20000020                        . = ALIGN (0x4)
 *fill*         0x2000001d        0x3 
                0x20000020                        _edata = .
                0x0800418c                        _siccmram = LOADADDR (.ccmram)

.igot.plt       0x20000020        0x0 load address 0x0800418c
 .igot.plt      0x20000020        0x0 C:/ST/STM32CubeIDE_1.16.1/STM32CubeIDE/plugins/com.st.stm32cube.ide.mcu.externaltools.gnu-tools-for-stm32.12.3.rel1.win32_1.0.200.202406191623/tools/bin/../lib/gcc/arm-none-eabi/12.3.1/thumb/v7e-m+fp/hard/crtbegin.o

.ccmram         0x10000000        0x0 load address 0x0800418c
                0x10000000                        . = ALIGN (0x4)
                0x10000000                        _sccmram = .
 *(.ccmram)
 *(.ccmram*)
                0x10000000                        . = ALIGN (0x4)
                0x10000000                        _eccmram = .
                0x10000000                        . = ALIGN (0x4)

.bss            0x20000020      0x150
                0x20000020                        _sbss = .
                0x20000020                        __bss_start__ = _sbss
 *(.bss)
 .bss           0x20000020       0x1c C:/ST/STM32CubeIDE_1.16.1/STM32CubeIDE/plugins/com.st.stm32cube.ide.mcu.externaltools.gnu-tools-for-stm32.12.3.rel1.win32_1.0.200.202406191623/tools/bin/../lib/gcc/arm-none-eabi/12.3.1/thumb/v7e-m+fp/hard/crtbegin.o
 *(.bss*)
 .bss.hi2c1     0x2000003c       0x84 ./Core/Src/i2c.o
                0x2000003c                hi2c1
 .bss.modoIR    0x200000c0        0x1 ./Core/Src/main.o
                0x200000c0                modoIR
 *fill*         0x200000c1        0x3 
 .bss.tiempoUltimoMovimiento
                0x200000c4        0x4 ./Core/Src/main.o
                0x200000c4                tiempoUltimoMovimiento
 .bss.tiempoActivacionIR
                0x200000c8        0x4 ./Core/Src/main.o
                0x200000c8                tiempoActivacionIR
 .bss.tiempoDeteccionIR
                0x200000cc        0x4 ./Core/Src/main.o
                0x200000cc                tiempoDeteccionIR
 .bss.alarmaIRActivada
                0x200000d0        0x1 ./Core/Src/main.o
                0x200000d0                alarmaIRActivada
 .bss.conteoIRIniciado
                0x200000d1        0x1 ./Core/Src/main.o
                0x200000d1                conteoIRIniciado
 .bss.zumbadorActivadoIR
                0x200000d2        0x1 ./Core/Src/main.o
                0x200000d2                zumbadorActivadoIR
 .bss.rxData    0x200000d3        0x1 ./Core/Src/main.o
                0x200000d3                rxData
 .bss.comandoRecibido
                0x200000d4       0x14 ./Core/Src/main.o
                0x200000d4                comandoRecibido
 .bss.indiceComando
                0x200000e8        0x1 ./Core/Src/main.o
                0x200000e8                indiceComando
 *fill*         0x200000e9        0x3 
 .bss.huart3    0x200000ec       0x78 ./Core/Src/usart.o
                0x200000ec                huart3
 .bss.dpFunction
                0x20000164        0x1 ./Drivers/API/Src/API_liquidcrystal_i2c.o
                0x20000164                dpFunction
 .bss.dpControl
                0x20000165        0x1 ./Drivers/API/Src/API_liquidcrystal_i2c.o
                0x20000165                dpControl
 .bss.dpMode    0x20000166        0x1 ./Drivers/API/Src/API_liquidcrystal_i2c.o
                0x20000166                dpMode
 .bss.dpRows    0x20000167        0x1 ./Drivers/API/Src/API_liquidcrystal_i2c.o
                0x20000167                dpRows
 .bss.dpBacklight
                0x20000168        0x1 ./Drivers/API/Src/API_liquidcrystal_i2c.o
                0x20000168                dpBacklight
 *fill*         0x20000169        0x3 
 .bss.uwTick    0x2000016c        0x4 ./Drivers/STM32F4xx_HAL_Driver/Src/stm32f4xx_hal.o
                0x2000016c                uwTick
 *(COMMON)
                0x20000170                        . = ALIGN (0x4)
                0x20000170                        _ebss = .
                0x20000170                        __bss_end__ = _ebss

._user_heap_stack
                0x20000170      0x600
                0x20000170                        . = ALIGN (0x8)
                [!provide]                        PROVIDE (end = .)
                0x20000170                        PROVIDE (_end = .)
                0x20000370                        . = (. + _Min_Heap_Size)
 *fill*         0x20000170      0x200 
                0x20000770                        . = (. + _Min_Stack_Size)
 *fill*         0x20000370      0x400 
                0x20000770                        . = ALIGN (0x8)

/DISCARD/
 libc.a(*)
 libm.a(*)
 libgcc.a(*)

.ARM.attributes
                0x00000000       0x30
 *(.ARM.attributes)
 .ARM.attributes
                0x00000000       0x22 C:/ST/STM32CubeIDE_1.16.1/STM32CubeIDE/plugins/com.st.stm32cube.ide.mcu.externaltools.gnu-tools-for-stm32.12.3.rel1.win32_1.0.200.202406191623/tools/bin/../lib/gcc/arm-none-eabi/12.3.1/thumb/v7e-m+fp/hard/crti.o
 .ARM.attributes
                0x00000022       0x34 C:/ST/STM32CubeIDE_1.16.1/STM32CubeIDE/plugins/com.st.stm32cube.ide.mcu.externaltools.gnu-tools-for-stm32.12.3.rel1.win32_1.0.200.202406191623/tools/bin/../lib/gcc/arm-none-eabi/12.3.1/thumb/v7e-m+fp/hard/crtbegin.o
 .ARM.attributes
                0x00000056       0x34 ./Core/Src/gpio.o
 .ARM.attributes
                0x0000008a       0x34 ./Core/Src/i2c.o
 .ARM.attributes
                0x000000be       0x34 ./Core/Src/main.o
 .ARM.attributes
                0x000000f2       0x34 ./Core/Src/stm32f4xx_hal_msp.o
 .ARM.attributes
                0x00000126       0x34 ./Core/Src/stm32f4xx_it.o
 .ARM.attributes
                0x0000015a       0x34 ./Core/Src/system_stm32f4xx.o
 .ARM.attributes
                0x0000018e       0x34 ./Core/Src/usart.o
 .ARM.attributes
                0x000001c2       0x21 ./Core/Startup/startup_stm32f429zitx.o
 .ARM.attributes
                0x000001e3       0x34 ./Drivers/API/Src/API_IR.o
 .ARM.attributes
                0x00000217       0x34 ./Drivers/API/Src/API_PIR.o
 .ARM.attributes
                0x0000024b       0x34 ./Drivers/API/Src/API_liquidcrystal_i2c.o
 .ARM.attributes
                0x0000027f       0x34 ./Drivers/STM32F4xx_HAL_Driver/Src/stm32f4xx_hal.o
 .ARM.attributes
                0x000002b3       0x34 ./Drivers/STM32F4xx_HAL_Driver/Src/stm32f4xx_hal_cortex.o
 .ARM.attributes
                0x000002e7       0x34 ./Drivers/STM32F4xx_HAL_Driver/Src/stm32f4xx_hal_dma.o
 .ARM.attributes
                0x0000031b       0x34 ./Drivers/STM32F4xx_HAL_Driver/Src/stm32f4xx_hal_gpio.o
 .ARM.attributes
                0x0000034f       0x34 ./Drivers/STM32F4xx_HAL_Driver/Src/stm32f4xx_hal_i2c.o
 .ARM.attributes
                0x00000383       0x34 ./Drivers/STM32F4xx_HAL_Driver/Src/stm32f4xx_hal_i2c_ex.o
 .ARM.attributes
                0x000003b7       0x34 ./Drivers/STM32F4xx_HAL_Driver/Src/stm32f4xx_hal_rcc.o
 .ARM.attributes
                0x000003eb       0x34 ./Drivers/STM32F4xx_HAL_Driver/Src/stm32f4xx_hal_uart.o
 .ARM.attributes
                0x0000041f       0x34 C:/ST/STM32CubeIDE_1.16.1/STM32CubeIDE/plugins/com.st.stm32cube.ide.mcu.externaltools.gnu-tools-for-stm32.12.3.rel1.win32_1.0.200.202406191623/tools/bin/../lib/gcc/arm-none-eabi/12.3.1/../../../../arm-none-eabi/lib/thumb/v7e-m+fp/hard\libc_nano.a(libc_a-memset.o)
 .ARM.attributes
                0x00000453       0x34 C:/ST/STM32CubeIDE_1.16.1/STM32CubeIDE/plugins/com.st.stm32cube.ide.mcu.externaltools.gnu-tools-for-stm32.12.3.rel1.win32_1.0.200.202406191623/tools/bin/../lib/gcc/arm-none-eabi/12.3.1/../../../../arm-none-eabi/lib/thumb/v7e-m+fp/hard\libc_nano.a(libc_a-init.o)
 .ARM.attributes
                0x00000487       0x20 C:/ST/STM32CubeIDE_1.16.1/STM32CubeIDE/plugins/com.st.stm32cube.ide.mcu.externaltools.gnu-tools-for-stm32.12.3.rel1.win32_1.0.200.202406191623/tools/bin/../lib/gcc/arm-none-eabi/12.3.1/../../../../arm-none-eabi/lib/thumb/v7e-m+fp/hard\libc_nano.a(libc_a-strcmp.o)
 .ARM.attributes
                0x000004a7       0x22 C:/ST/STM32CubeIDE_1.16.1/STM32CubeIDE/plugins/com.st.stm32cube.ide.mcu.externaltools.gnu-tools-for-stm32.12.3.rel1.win32_1.0.200.202406191623/tools/bin/../lib/gcc/arm-none-eabi/12.3.1/thumb/v7e-m+fp/hard\libgcc.a(_aeabi_uldivmod.o)
 .ARM.attributes
                0x000004c9       0x34 C:/ST/STM32CubeIDE_1.16.1/STM32CubeIDE/plugins/com.st.stm32cube.ide.mcu.externaltools.gnu-tools-for-stm32.12.3.rel1.win32_1.0.200.202406191623/tools/bin/../lib/gcc/arm-none-eabi/12.3.1/thumb/v7e-m+fp/hard\libgcc.a(_udivmoddi4.o)
 .ARM.attributes
                0x000004fd       0x22 C:/ST/STM32CubeIDE_1.16.1/STM32CubeIDE/plugins/com.st.stm32cube.ide.mcu.externaltools.gnu-tools-for-stm32.12.3.rel1.win32_1.0.200.202406191623/tools/bin/../lib/gcc/arm-none-eabi/12.3.1/thumb/v7e-m+fp/hard\libgcc.a(_dvmd_tls.o)
 .ARM.attributes
                0x0000051f       0x22 C:/ST/STM32CubeIDE_1.16.1/STM32CubeIDE/plugins/com.st.stm32cube.ide.mcu.externaltools.gnu-tools-for-stm32.12.3.rel1.win32_1.0.200.202406191623/tools/bin/../lib/gcc/arm-none-eabi/12.3.1/thumb/v7e-m+fp/hard/crtn.o
OUTPUT(Proyecto AFP 5.elf elf32-littlearm)
LOAD linker stubs
LOAD C:/ST/STM32CubeIDE_1.16.1/STM32CubeIDE/plugins/com.st.stm32cube.ide.mcu.externaltools.gnu-tools-for-stm32.12.3.rel1.win32_1.0.200.202406191623/tools/bin/../lib/gcc/arm-none-eabi/12.3.1/../../../../arm-none-eabi/lib/thumb/v7e-m+fp/hard\libc.a
LOAD C:/ST/STM32CubeIDE_1.16.1/STM32CubeIDE/plugins/com.st.stm32cube.ide.mcu.externaltools.gnu-tools-for-stm32.12.3.rel1.win32_1.0.200.202406191623/tools/bin/../lib/gcc/arm-none-eabi/12.3.1/../../../../arm-none-eabi/lib/thumb/v7e-m+fp/hard\libm.a
LOAD C:/ST/STM32CubeIDE_1.16.1/STM32CubeIDE/plugins/com.st.stm32cube.ide.mcu.externaltools.gnu-tools-for-stm32.12.3.rel1.win32_1.0.200.202406191623/tools/bin/../lib/gcc/arm-none-eabi/12.3.1/thumb/v7e-m+fp/hard\libgcc.a

.debug_info     0x00000000     0xdb80
 .debug_info    0x00000000      0x459 ./Core/Src/gpio.o
 .debug_info    0x00000459      0xa8c ./Core/Src/i2c.o
 .debug_info    0x00000ee5      0xf55 ./Core/Src/main.o
 .debug_info    0x00001e3a      0x281 ./Core/Src/stm32f4xx_hal_msp.o
 .debug_info    0x000020bb      0x6ff ./Core/Src/stm32f4xx_it.o
 .debug_info    0x000027ba      0x52e ./Core/Src/system_stm32f4xx.o
 .debug_info    0x00002ce8      0xca1 ./Core/Src/usart.o
 .debug_info    0x00003989       0x30 ./Core/Startup/startup_stm32f429zitx.o
 .debug_info    0x000039b9      0x264 ./Drivers/API/Src/API_IR.o
 .debug_info    0x00003c1d      0x244 ./Drivers/API/Src/API_PIR.o
 .debug_info    0x00003e61      0xd40 ./Drivers/API/Src/API_liquidcrystal_i2c.o
 .debug_info    0x00004ba1      0x9ba ./Drivers/STM32F4xx_HAL_Driver/Src/stm32f4xx_hal.o
 .debug_info    0x0000555b      0xdc2 ./Drivers/STM32F4xx_HAL_Driver/Src/stm32f4xx_hal_cortex.o
 .debug_info    0x0000631d      0x8e7 ./Drivers/STM32F4xx_HAL_Driver/Src/stm32f4xx_hal_dma.o
 .debug_info    0x00006c04      0x6db ./Drivers/STM32F4xx_HAL_Driver/Src/stm32f4xx_hal_gpio.o
 .debug_info    0x000072df     0x26b2 ./Drivers/STM32F4xx_HAL_Driver/Src/stm32f4xx_hal_i2c.o
 .debug_info    0x00009991      0x740 ./Drivers/STM32F4xx_HAL_Driver/Src/stm32f4xx_hal_i2c_ex.o
 .debug_info    0x0000a0d1      0x8c7 ./Drivers/STM32F4xx_HAL_Driver/Src/stm32f4xx_hal_rcc.o
 .debug_info    0x0000a998     0x31e8 ./Drivers/STM32F4xx_HAL_Driver/Src/stm32f4xx_hal_uart.o

.debug_abbrev   0x00000000     0x2451
 .debug_abbrev  0x00000000      0x152 ./Core/Src/gpio.o
 .debug_abbrev  0x00000152      0x20b ./Core/Src/i2c.o
 .debug_abbrev  0x0000035d      0x2d9 ./Core/Src/main.o
 .debug_abbrev  0x00000636       0xd8 ./Core/Src/stm32f4xx_hal_msp.o
 .debug_abbrev  0x0000070e      0x175 ./Core/Src/stm32f4xx_it.o
 .debug_abbrev  0x00000883      0x11a ./Core/Src/system_stm32f4xx.o
 .debug_abbrev  0x0000099d      0x218 ./Core/Src/usart.o
 .debug_abbrev  0x00000bb5       0x24 ./Core/Startup/startup_stm32f429zitx.o
 .debug_abbrev  0x00000bd9      0x13e ./Drivers/API/Src/API_IR.o
 .debug_abbrev  0x00000d17      0x13d ./Drivers/API/Src/API_PIR.o
 .debug_abbrev  0x00000e54      0x2cc ./Drivers/API/Src/API_liquidcrystal_i2c.o
 .debug_abbrev  0x00001120      0x214 ./Drivers/STM32F4xx_HAL_Driver/Src/stm32f4xx_hal.o
 .debug_abbrev  0x00001334      0x31d ./Drivers/STM32F4xx_HAL_Driver/Src/stm32f4xx_hal_cortex.o
 .debug_abbrev  0x00001651      0x264 ./Drivers/STM32F4xx_HAL_Driver/Src/stm32f4xx_hal_dma.o
 .debug_abbrev  0x000018b5      0x1d4 ./Drivers/STM32F4xx_HAL_Driver/Src/stm32f4xx_hal_gpio.o
 .debug_abbrev  0x00001a89      0x2ac ./Drivers/STM32F4xx_HAL_Driver/Src/stm32f4xx_hal_i2c.o
 .debug_abbrev  0x00001d35      0x158 ./Drivers/STM32F4xx_HAL_Driver/Src/stm32f4xx_hal_i2c_ex.o
 .debug_abbrev  0x00001e8d      0x2b7 ./Drivers/STM32F4xx_HAL_Driver/Src/stm32f4xx_hal_rcc.o
 .debug_abbrev  0x00002144      0x30d ./Drivers/STM32F4xx_HAL_Driver/Src/stm32f4xx_hal_uart.o

.debug_aranges  0x00000000      0xbc0
 .debug_aranges
                0x00000000       0x20 ./Core/Src/gpio.o
 .debug_aranges
                0x00000020       0x30 ./Core/Src/i2c.o
 .debug_aranges
                0x00000050       0x38 ./Core/Src/main.o
 .debug_aranges
                0x00000088       0x20 ./Core/Src/stm32f4xx_hal_msp.o
 .debug_aranges
                0x000000a8       0x68 ./Core/Src/stm32f4xx_it.o
 .debug_aranges
                0x00000110       0x28 ./Core/Src/system_stm32f4xx.o
 .debug_aranges
                0x00000138       0x30 ./Core/Src/usart.o
 .debug_aranges
                0x00000168       0x28 ./Core/Startup/startup_stm32f429zitx.o
 .debug_aranges
                0x00000190       0x30 ./Drivers/API/Src/API_IR.o
 .debug_aranges
                0x000001c0       0x30 ./Drivers/API/Src/API_PIR.o
 .debug_aranges
                0x000001f0      0x110 ./Drivers/API/Src/API_liquidcrystal_i2c.o
 .debug_aranges
                0x00000300      0x100 ./Drivers/STM32F4xx_HAL_Driver/Src/stm32f4xx_hal.o
 .debug_aranges
                0x00000400      0x130 ./Drivers/STM32F4xx_HAL_Driver/Src/stm32f4xx_hal_cortex.o
 .debug_aranges
                0x00000530       0x90 ./Drivers/STM32F4xx_HAL_Driver/Src/stm32f4xx_hal_dma.o
 .debug_aranges
                0x000005c0       0x58 ./Drivers/STM32F4xx_HAL_Driver/Src/stm32f4xx_hal_gpio.o
 .debug_aranges
                0x00000618      0x2c8 ./Drivers/STM32F4xx_HAL_Driver/Src/stm32f4xx_hal_i2c.o
 .debug_aranges
                0x000008e0       0x28 ./Drivers/STM32F4xx_HAL_Driver/Src/stm32f4xx_hal_i2c_ex.o
 .debug_aranges
                0x00000908       0x88 ./Drivers/STM32F4xx_HAL_Driver/Src/stm32f4xx_hal_rcc.o
 .debug_aranges
                0x00000990      0x230 ./Drivers/STM32F4xx_HAL_Driver/Src/stm32f4xx_hal_uart.o

.debug_rnglists
                0x00000000      0x90d
 .debug_rnglists
                0x00000000       0x14 ./Core/Src/gpio.o
 .debug_rnglists
                0x00000014       0x21 ./Core/Src/i2c.o
 .debug_rnglists
                0x00000035       0x28 ./Core/Src/main.o
 .debug_rnglists
                0x0000005d       0x13 ./Core/Src/stm32f4xx_hal_msp.o
 .debug_rnglists
                0x00000070       0x49 ./Core/Src/stm32f4xx_it.o
 .debug_rnglists
                0x000000b9       0x1a ./Core/Src/system_stm32f4xx.o
 .debug_rnglists
                0x000000d3       0x20 ./Core/Src/usart.o
 .debug_rnglists
                0x000000f3       0x19 ./Core/Startup/startup_stm32f429zitx.o
 .debug_rnglists
                0x0000010c       0x1f ./Drivers/API/Src/API_IR.o
 .debug_rnglists
                0x0000012b       0x1f ./Drivers/API/Src/API_PIR.o
 .debug_rnglists
                0x0000014a       0xc8 ./Drivers/API/Src/API_liquidcrystal_i2c.o
 .debug_rnglists
                0x00000212       0xbb ./Drivers/STM32F4xx_HAL_Driver/Src/stm32f4xx_hal.o
 .debug_rnglists
                0x000002cd       0xe0 ./Drivers/STM32F4xx_HAL_Driver/Src/stm32f4xx_hal_cortex.o
 .debug_rnglists
                0x000003ad       0x70 ./Drivers/STM32F4xx_HAL_Driver/Src/stm32f4xx_hal_dma.o
 .debug_rnglists
                0x0000041d       0x3f ./Drivers/STM32F4xx_HAL_Driver/Src/stm32f4xx_hal_gpio.o
 .debug_rnglists
                0x0000045c      0x256 ./Drivers/STM32F4xx_HAL_Driver/Src/stm32f4xx_hal_i2c.o
 .debug_rnglists
                0x000006b2       0x19 ./Drivers/STM32F4xx_HAL_Driver/Src/stm32f4xx_hal_i2c_ex.o
 .debug_rnglists
                0x000006cb       0x66 ./Drivers/STM32F4xx_HAL_Driver/Src/stm32f4xx_hal_rcc.o
 .debug_rnglists
                0x00000731      0x1dc ./Drivers/STM32F4xx_HAL_Driver/Src/stm32f4xx_hal_uart.o

.debug_macro    0x00000000    0x24f04
 .debug_macro   0x00000000      0x21a ./Core/Src/gpio.o
 .debug_macro   0x0000021a      0xab4 ./Core/Src/gpio.o
 .debug_macro   0x00000cce      0x2a7 ./Core/Src/gpio.o
 .debug_macro   0x00000f75       0x2e ./Core/Src/gpio.o
 .debug_macro   0x00000fa3       0x28 ./Core/Src/gpio.o
 .debug_macro   0x00000fcb       0x22 ./Core/Src/gpio.o
 .debug_macro   0x00000fed       0x8e ./Core/Src/gpio.o
 .debug_macro   0x0000107b       0x51 ./Core/Src/gpio.o
 .debug_macro   0x000010cc      0x103 ./Core/Src/gpio.o
 .debug_macro   0x000011cf       0x6a ./Core/Src/gpio.o
 .debug_macro   0x00001239      0x1df ./Core/Src/gpio.o
 .debug_macro   0x00001418       0x1c ./Core/Src/gpio.o
 .debug_macro   0x00001434       0x22 ./Core/Src/gpio.o
 .debug_macro   0x00001456       0xfb ./Core/Src/gpio.o
 .debug_macro   0x00001551     0x1011 ./Core/Src/gpio.o
 .debug_macro   0x00002562      0x11f ./Core/Src/gpio.o
 .debug_macro   0x00002681    0x17fd8 ./Core/Src/gpio.o
 .debug_macro   0x0001a659       0x6d ./Core/Src/gpio.o
 .debug_macro   0x0001a6c6     0x3711 ./Core/Src/gpio.o
 .debug_macro   0x0001ddd7      0x189 ./Core/Src/gpio.o
 .debug_macro   0x0001df60       0x5c ./Core/Src/gpio.o
 .debug_macro   0x0001dfbc      0xcba ./Core/Src/gpio.o
 .debug_macro   0x0001ec76      0x9e9 ./Core/Src/gpio.o
 .debug_macro   0x0001f65f      0x115 ./Core/Src/gpio.o
 .debug_macro   0x0001f774      0x156 ./Core/Src/gpio.o
 .debug_macro   0x0001f8ca       0xa5 ./Core/Src/gpio.o
 .debug_macro   0x0001f96f      0x182 ./Core/Src/gpio.o
 .debug_macro   0x0001faf1      0x287 ./Core/Src/gpio.o
 .debug_macro   0x0001fd78       0x5f ./Core/Src/gpio.o
 .debug_macro   0x0001fdd7      0x236 ./Core/Src/gpio.o
 .debug_macro   0x0002000d      0xb99 ./Core/Src/gpio.o
 .debug_macro   0x00020ba6      0x132 ./Core/Src/gpio.o
 .debug_macro   0x00020cd8      0x41d ./Core/Src/gpio.o
 .debug_macro   0x000210f5       0x2e ./Core/Src/gpio.o
 .debug_macro   0x00021123      0x1bc ./Core/Src/gpio.o
 .debug_macro   0x000212df       0x22 ./Core/Src/gpio.o
 .debug_macro   0x00021301       0xd6 ./Core/Src/gpio.o
 .debug_macro   0x000213d7      0x127 ./Core/Src/gpio.o
 .debug_macro   0x000214fe       0xe2 ./Core/Src/gpio.o
 .debug_macro   0x000215e0       0x89 ./Core/Src/gpio.o
 .debug_macro   0x00021669      0x2b1 ./Core/Src/gpio.o
 .debug_macro   0x0002191a      0x293 ./Core/Src/gpio.o
 .debug_macro   0x00021bad       0xba ./Core/Src/gpio.o
 .debug_macro   0x00021c67      0x134 ./Core/Src/gpio.o
 .debug_macro   0x00021d9b      0x130 ./Core/Src/gpio.o
 .debug_macro   0x00021ecb      0x21a ./Core/Src/i2c.o
 .debug_macro   0x000220e5      0x32d ./Core/Src/main.o
 .debug_macro   0x00022412       0xd6 ./Core/Src/main.o
 .debug_macro   0x000224e8       0x61 ./Core/Src/main.o
 .debug_macro   0x00022549       0x2a ./Core/Src/main.o
 .debug_macro   0x00022573       0x43 ./Core/Src/main.o
 .debug_macro   0x000225b6       0x34 ./Core/Src/main.o
 .debug_macro   0x000225ea       0x16 ./Core/Src/main.o
 .debug_macro   0x00022600       0x43 ./Core/Src/main.o
 .debug_macro   0x00022643       0x34 ./Core/Src/main.o
 .debug_macro   0x00022677       0x10 ./Core/Src/main.o
 .debug_macro   0x00022687       0x58 ./Core/Src/main.o
 .debug_macro   0x000226df       0x8e ./Core/Src/main.o
 .debug_macro   0x0002276d       0x1c ./Core/Src/main.o
 .debug_macro   0x00022789      0x177 ./Core/Src/main.o
 .debug_macro   0x00022900      0x369 ./Core/Src/main.o
 .debug_macro   0x00022c69       0x10 ./Core/Src/main.o
 .debug_macro   0x00022c79       0x35 ./Core/Src/main.o
 .debug_macro   0x00022cae       0x20 ./Core/Src/main.o
 .debug_macro   0x00022cce      0x210 ./Core/Src/stm32f4xx_hal_msp.o
 .debug_macro   0x00022ede      0x21a ./Core/Src/stm32f4xx_it.o
 .debug_macro   0x000230f8      0x201 ./Core/Src/system_stm32f4xx.o
 .debug_macro   0x000232f9      0x21a ./Core/Src/usart.o
 .debug_macro   0x00023513      0x315 ./Drivers/API/Src/API_IR.o
 .debug_macro   0x00023828      0x315 ./Drivers/API/Src/API_PIR.o
 .debug_macro   0x00023b3d      0x210 ./Drivers/API/Src/API_liquidcrystal_i2c.o
 .debug_macro   0x00023d4d       0xd0 ./Drivers/API/Src/API_liquidcrystal_i2c.o
 .debug_macro   0x00023e1d      0x261 ./Drivers/STM32F4xx_HAL_Driver/Src/stm32f4xx_hal.o
 .debug_macro   0x0002407e      0x201 ./Drivers/STM32F4xx_HAL_Driver/Src/stm32f4xx_hal_cortex.o
 .debug_macro   0x0002427f      0x207 ./Drivers/STM32F4xx_HAL_Driver/Src/stm32f4xx_hal_dma.o
 .debug_macro   0x00024486      0x207 ./Drivers/STM32F4xx_HAL_Driver/Src/stm32f4xx_hal_gpio.o
 .debug_macro   0x0002468d      0x24f ./Drivers/STM32F4xx_HAL_Driver/Src/stm32f4xx_hal_i2c.o
 .debug_macro   0x000248dc      0x201 ./Drivers/STM32F4xx_HAL_Driver/Src/stm32f4xx_hal_i2c_ex.o
 .debug_macro   0x00024add      0x225 ./Drivers/STM32F4xx_HAL_Driver/Src/stm32f4xx_hal_rcc.o
 .debug_macro   0x00024d02      0x202 ./Drivers/STM32F4xx_HAL_Driver/Src/stm32f4xx_hal_uart.o

.debug_line     0x00000000    0x11151
 .debug_line    0x00000000      0x7ee ./Core/Src/gpio.o
 .debug_line    0x000007ee      0x829 ./Core/Src/i2c.o
 .debug_line    0x00001017      0xb67 ./Core/Src/main.o
 .debug_line    0x00001b7e      0x7ad ./Core/Src/stm32f4xx_hal_msp.o
 .debug_line    0x0000232b      0x887 ./Core/Src/stm32f4xx_it.o
 .debug_line    0x00002bb2      0x831 ./Core/Src/system_stm32f4xx.o
 .debug_line    0x000033e3      0x819 ./Core/Src/usart.o
 .debug_line    0x00003bfc       0x7a ./Core/Startup/startup_stm32f429zitx.o
 .debug_line    0x00003c76      0x9de ./Drivers/API/Src/API_IR.o
 .debug_line    0x00004654      0x9cd ./Drivers/API/Src/API_PIR.o
 .debug_line    0x00005021      0xbc4 ./Drivers/API/Src/API_liquidcrystal_i2c.o
 .debug_line    0x00005be5      0xad0 ./Drivers/STM32F4xx_HAL_Driver/Src/stm32f4xx_hal.o
 .debug_line    0x000066b5      0xd8c ./Drivers/STM32F4xx_HAL_Driver/Src/stm32f4xx_hal_cortex.o
 .debug_line    0x00007441     0x100a ./Drivers/STM32F4xx_HAL_Driver/Src/stm32f4xx_hal_dma.o
 .debug_line    0x0000844b      0xc4e ./Drivers/STM32F4xx_HAL_Driver/Src/stm32f4xx_hal_gpio.o
 .debug_line    0x00009099     0x3e77 ./Drivers/STM32F4xx_HAL_Driver/Src/stm32f4xx_hal_i2c.o
 .debug_line    0x0000cf10      0x827 ./Drivers/STM32F4xx_HAL_Driver/Src/stm32f4xx_hal_i2c_ex.o
 .debug_line    0x0000d737      0xe25 ./Drivers/STM32F4xx_HAL_Driver/Src/stm32f4xx_hal_rcc.o
 .debug_line    0x0000e55c     0x2bf5 ./Drivers/STM32F4xx_HAL_Driver/Src/stm32f4xx_hal_uart.o

.debug_str      0x00000000    0xda1fd
 .debug_str     0x00000000    0xd325c ./Core/Src/gpio.o
                              0xd34e6 (size before relaxing)
 .debug_str     0x000d325c      0x564 ./Core/Src/i2c.o
                              0xd3b41 (size before relaxing)
 .debug_str     0x000d37c0     0x39bc ./Core/Src/main.o
                              0xd7257 (size before relaxing)
 .debug_str     0x000d717c       0x2c ./Core/Src/stm32f4xx_hal_msp.o
                              0xd341b (size before relaxing)
 .debug_str     0x000d71a8       0xef ./Core/Src/stm32f4xx_it.o
                              0xd3916 (size before relaxing)
 .debug_str     0x000d7297       0xdb ./Core/Src/system_stm32f4xx.o
                              0xd300a (size before relaxing)
 .debug_str     0x000d7372      0x5c8 ./Core/Src/usart.o
                              0xd4013 (size before relaxing)
 .debug_str     0x000d793a       0x44 ./Core/Startup/startup_stm32f429zitx.o
                                 0x8a (size before relaxing)
 .debug_str     0x000d797e       0x1c ./Drivers/API/Src/API_IR.o
                              0xd6886 (size before relaxing)
 .debug_str     0x000d799a       0x1d ./Drivers/API/Src/API_PIR.o
                              0xd6854 (size before relaxing)
 .debug_str     0x000d79b7      0x342 ./Drivers/API/Src/API_liquidcrystal_i2c.o
                              0xd3ac1 (size before relaxing)
 .debug_str     0x000d7cf9      0x637 ./Drivers/STM32F4xx_HAL_Driver/Src/stm32f4xx_hal.o
                              0xd3c2d (size before relaxing)
 .debug_str     0x000d8330      0x36b ./Drivers/STM32F4xx_HAL_Driver/Src/stm32f4xx_hal_cortex.o
                              0xd395b (size before relaxing)
 .debug_str     0x000d869b      0x328 ./Drivers/STM32F4xx_HAL_Driver/Src/stm32f4xx_hal_dma.o
                              0xd3411 (size before relaxing)
 .debug_str     0x000d89c3      0x110 ./Drivers/STM32F4xx_HAL_Driver/Src/stm32f4xx_hal_gpio.o
                              0xd3185 (size before relaxing)
 .debug_str     0x000d8ad3      0xcf0 ./Drivers/STM32F4xx_HAL_Driver/Src/stm32f4xx_hal_i2c.o
                              0xd430c (size before relaxing)
 .debug_str     0x000d97c3       0x3b ./Drivers/STM32F4xx_HAL_Driver/Src/stm32f4xx_hal_i2c_ex.o
                              0xd34c5 (size before relaxing)
 .debug_str     0x000d97fe      0x213 ./Drivers/STM32F4xx_HAL_Driver/Src/stm32f4xx_hal_rcc.o
                              0xd343e (size before relaxing)
 .debug_str     0x000d9a11      0x7ec ./Drivers/STM32F4xx_HAL_Driver/Src/stm32f4xx_hal_uart.o
                              0xd3d17 (size before relaxing)

.comment        0x00000000       0x43
 .comment       0x00000000       0x43 ./Core/Src/gpio.o
                                 0x44 (size before relaxing)
 .comment       0x00000043       0x44 ./Core/Src/i2c.o
 .comment       0x00000043       0x44 ./Core/Src/main.o
 .comment       0x00000043       0x44 ./Core/Src/stm32f4xx_hal_msp.o
 .comment       0x00000043       0x44 ./Core/Src/stm32f4xx_it.o
 .comment       0x00000043       0x44 ./Core/Src/system_stm32f4xx.o
 .comment       0x00000043       0x44 ./Core/Src/usart.o
 .comment       0x00000043       0x44 ./Drivers/API/Src/API_IR.o
 .comment       0x00000043       0x44 ./Drivers/API/Src/API_PIR.o
 .comment       0x00000043       0x44 ./Drivers/API/Src/API_liquidcrystal_i2c.o
 .comment       0x00000043       0x44 ./Drivers/STM32F4xx_HAL_Driver/Src/stm32f4xx_hal.o
 .comment       0x00000043       0x44 ./Drivers/STM32F4xx_HAL_Driver/Src/stm32f4xx_hal_cortex.o
 .comment       0x00000043       0x44 ./Drivers/STM32F4xx_HAL_Driver/Src/stm32f4xx_hal_dma.o
 .comment       0x00000043       0x44 ./Drivers/STM32F4xx_HAL_Driver/Src/stm32f4xx_hal_gpio.o
 .comment       0x00000043       0x44 ./Drivers/STM32F4xx_HAL_Driver/Src/stm32f4xx_hal_i2c.o
 .comment       0x00000043       0x44 ./Drivers/STM32F4xx_HAL_Driver/Src/stm32f4xx_hal_i2c_ex.o
 .comment       0x00000043       0x44 ./Drivers/STM32F4xx_HAL_Driver/Src/stm32f4xx_hal_rcc.o
 .comment       0x00000043       0x44 ./Drivers/STM32F4xx_HAL_Driver/Src/stm32f4xx_hal_uart.o

.debug_frame    0x00000000     0x2ecc
 .debug_frame   0x00000000       0x34 ./Core/Src/gpio.o
 .debug_frame   0x00000034       0x74 ./Core/Src/i2c.o
 .debug_frame   0x000000a8       0x90 ./Core/Src/main.o
 .debug_frame   0x00000138       0x38 ./Core/Src/stm32f4xx_hal_msp.o
 .debug_frame   0x00000170      0x120 ./Core/Src/stm32f4xx_it.o
 .debug_frame   0x00000290       0x58 ./Core/Src/system_stm32f4xx.o
 .debug_frame   0x000002e8       0x74 ./Core/Src/usart.o
 .debug_frame   0x0000035c       0x64 ./Drivers/API/Src/API_IR.o
 .debug_frame   0x000003c0       0x64 ./Drivers/API/Src/API_PIR.o
 .debug_frame   0x00000424      0x3f0 ./Drivers/API/Src/API_liquidcrystal_i2c.o
 .debug_frame   0x00000814      0x3b4 ./Drivers/STM32F4xx_HAL_Driver/Src/stm32f4xx_hal.o
 .debug_frame   0x00000bc8      0x508 ./Drivers/STM32F4xx_HAL_Driver/Src/stm32f4xx_hal_cortex.o
 .debug_frame   0x000010d0      0x250 ./Drivers/STM32F4xx_HAL_Driver/Src/stm32f4xx_hal_dma.o
 .debug_frame   0x00001320      0x14c ./Drivers/STM32F4xx_HAL_Driver/Src/stm32f4xx_hal_gpio.o
 .debug_frame   0x0000146c      0xd24 ./Drivers/STM32F4xx_HAL_Driver/Src/stm32f4xx_hal_i2c.o
 .debug_frame   0x00002190       0x60 ./Drivers/STM32F4xx_HAL_Driver/Src/stm32f4xx_hal_i2c_ex.o
 .debug_frame   0x000021f0      0x1f4 ./Drivers/STM32F4xx_HAL_Driver/Src/stm32f4xx_hal_rcc.o
 .debug_frame   0x000023e4      0xa1c ./Drivers/STM32F4xx_HAL_Driver/Src/stm32f4xx_hal_uart.o
 .debug_frame   0x00002e00       0x20 C:/ST/STM32CubeIDE_1.16.1/STM32CubeIDE/plugins/com.st.stm32cube.ide.mcu.externaltools.gnu-tools-for-stm32.12.3.rel1.win32_1.0.200.202406191623/tools/bin/../lib/gcc/arm-none-eabi/12.3.1/../../../../arm-none-eabi/lib/thumb/v7e-m+fp/hard\libc_nano.a(libc_a-memset.o)
 .debug_frame   0x00002e20       0x2c C:/ST/STM32CubeIDE_1.16.1/STM32CubeIDE/plugins/com.st.stm32cube.ide.mcu.externaltools.gnu-tools-for-stm32.12.3.rel1.win32_1.0.200.202406191623/tools/bin/../lib/gcc/arm-none-eabi/12.3.1/../../../../arm-none-eabi/lib/thumb/v7e-m+fp/hard\libc_nano.a(libc_a-init.o)
 .debug_frame   0x00002e4c       0x20 C:/ST/STM32CubeIDE_1.16.1/STM32CubeIDE/plugins/com.st.stm32cube.ide.mcu.externaltools.gnu-tools-for-stm32.12.3.rel1.win32_1.0.200.202406191623/tools/bin/../lib/gcc/arm-none-eabi/12.3.1/../../../../arm-none-eabi/lib/thumb/v7e-m+fp/hard\libc_nano.a(libc_a-strcmp.o)
 .debug_frame   0x00002e6c       0x2c C:/ST/STM32CubeIDE_1.16.1/STM32CubeIDE/plugins/com.st.stm32cube.ide.mcu.externaltools.gnu-tools-for-stm32.12.3.rel1.win32_1.0.200.202406191623/tools/bin/../lib/gcc/arm-none-eabi/12.3.1/thumb/v7e-m+fp/hard\libgcc.a(_aeabi_uldivmod.o)
 .debug_frame   0x00002e98       0x34 C:/ST/STM32CubeIDE_1.16.1/STM32CubeIDE/plugins/com.st.stm32cube.ide.mcu.externaltools.gnu-tools-for-stm32.12.3.rel1.win32_1.0.200.202406191623/tools/bin/../lib/gcc/arm-none-eabi/12.3.1/thumb/v7e-m+fp/hard\libgcc.a(_udivmoddi4.o)

.debug_line_str
                0x00000000       0x6e
 .debug_line_str
                0x00000000       0x6e ./Core/Startup/startup_stm32f429zitx.o
