../Core/Src/main.c:81:5:main	16	static
../Core/Src/main.c:143:6:SystemClock_Config	88	static
../Core/Src/main.c:189:13:MX_ETH_Init	8	static
../Core/Src/main.c:238:13:MX_USART3_UART_Init	8	static
../Core/Src/main.c:271:13:MX_USB_OTG_FS_PCD_Init	8	static
../Core/Src/main.c:306:13:MX_GPIO_Init	56	static
../Core/Src/main.c:357:9:secuencia1	40	static
../Core/Src/main.c:387:9:secuencia2	40	static
../Core/Src/main.c:419:9:secuencia3	24	static
../Core/Src/main.c:443:9:secuencia4	32	static
../Core/Src/main.c:478:6:Error_Handler	4	static,ignoring_inline_asm
