../Core/Src/main.c:94:6:Configuracion_Leds_Boton	40	static
../Core/Src/main.c:110:6:Cambiar_Secuencia	4	static
../Core/Src/main.c:119:6:Secuencia1	8	static
../Core/Src/main.c:124:6:Secuencia2	8	static
../Core/Src/main.c:129:6:Secuencia3	8	static
../Core/Src/main.c:138:6:Secuencia4	8	static
../Core/Src/main.c:145:6:Ejecutar_Secuencia	8	static
../Core/Src/main.c:163:5:main	8	static
../Core/Src/main.c:214:6:SystemClock_Config	88	static
../Core/Src/main.c:260:6:MX_ETH_Init	8	static
../Core/Src/main.c:309:6:MX_USART3_UART_Init	8	static
../Core/Src/main.c:342:6:MX_USB_OTG_FS_PCD_Init	8	static
../Core/Src/main.c:378:6:Error_Handler	4	static,ignoring_inline_asm
