Archive member included to satisfy reference by file (symbol)

C:/ST/STM32CubeIDE_1.16.1/STM32CubeIDE/plugins/com.st.stm32cube.ide.mcu.externaltools.gnu-tools-for-stm32.12.3.rel1.win32_1.0.200.202406191623/tools/bin/../lib/gcc/arm-none-eabi/12.3.1/../../../../arm-none-eabi/lib/thumb/v7e-m+fp/hard\libc_nano.a(libc_a-exit.o)
                              C:/ST/STM32CubeIDE_1.16.1/STM32CubeIDE/plugins/com.st.stm32cube.ide.mcu.externaltools.gnu-tools-for-stm32.12.3.rel1.win32_1.0.200.202406191623/tools/bin/../lib/gcc/arm-none-eabi/12.3.1/../../../../arm-none-eabi/lib/thumb/v7e-m+fp/hard/crt0.o (exit)
C:/ST/STM32CubeIDE_1.16.1/STM32CubeIDE/plugins/com.st.stm32cube.ide.mcu.externaltools.gnu-tools-for-stm32.12.3.rel1.win32_1.0.200.202406191623/tools/bin/../lib/gcc/arm-none-eabi/12.3.1/../../../../arm-none-eabi/lib/thumb/v7e-m+fp/hard\libc_nano.a(libc_a-findfp.o)
                              C:/ST/STM32CubeIDE_1.16.1/STM32CubeIDE/plugins/com.st.stm32cube.ide.mcu.externaltools.gnu-tools-for-stm32.12.3.rel1.win32_1.0.200.202406191623/tools/bin/../lib/gcc/arm-none-eabi/12.3.1/../../../../arm-none-eabi/lib/thumb/v7e-m+fp/hard\libc_nano.a(libc_a-exit.o) (__stdio_exit_handler)
C:/ST/STM32CubeIDE_1.16.1/STM32CubeIDE/plugins/com.st.stm32cube.ide.mcu.externaltools.gnu-tools-for-stm32.12.3.rel1.win32_1.0.200.202406191623/tools/bin/../lib/gcc/arm-none-eabi/12.3.1/../../../../arm-none-eabi/lib/thumb/v7e-m+fp/hard\libc_nano.a(libc_a-fwalk.o)
                              C:/ST/STM32CubeIDE_1.16.1/STM32CubeIDE/plugins/com.st.stm32cube.ide.mcu.externaltools.gnu-tools-for-stm32.12.3.rel1.win32_1.0.200.202406191623/tools/bin/../lib/gcc/arm-none-eabi/12.3.1/../../../../arm-none-eabi/lib/thumb/v7e-m+fp/hard\libc_nano.a(libc_a-findfp.o) (_fwalk_sglue)
C:/ST/STM32CubeIDE_1.16.1/STM32CubeIDE/plugins/com.st.stm32cube.ide.mcu.externaltools.gnu-tools-for-stm32.12.3.rel1.win32_1.0.200.202406191623/tools/bin/../lib/gcc/arm-none-eabi/12.3.1/../../../../arm-none-eabi/lib/thumb/v7e-m+fp/hard\libc_nano.a(libc_a-stdio.o)
                              C:/ST/STM32CubeIDE_1.16.1/STM32CubeIDE/plugins/com.st.stm32cube.ide.mcu.externaltools.gnu-tools-for-stm32.12.3.rel1.win32_1.0.200.202406191623/tools/bin/../lib/gcc/arm-none-eabi/12.3.1/../../../../arm-none-eabi/lib/thumb/v7e-m+fp/hard\libc_nano.a(libc_a-findfp.o) (__sread)
C:/ST/STM32CubeIDE_1.16.1/STM32CubeIDE/plugins/com.st.stm32cube.ide.mcu.externaltools.gnu-tools-for-stm32.12.3.rel1.win32_1.0.200.202406191623/tools/bin/../lib/gcc/arm-none-eabi/12.3.1/../../../../arm-none-eabi/lib/thumb/v7e-m+fp/hard\libc_nano.a(libc_a-memset.o)
                              C:/ST/STM32CubeIDE_1.16.1/STM32CubeIDE/plugins/com.st.stm32cube.ide.mcu.externaltools.gnu-tools-for-stm32.12.3.rel1.win32_1.0.200.202406191623/tools/bin/../lib/gcc/arm-none-eabi/12.3.1/../../../../arm-none-eabi/lib/thumb/v7e-m+fp/hard/crt0.o (memset)
C:/ST/STM32CubeIDE_1.16.1/STM32CubeIDE/plugins/com.st.stm32cube.ide.mcu.externaltools.gnu-tools-for-stm32.12.3.rel1.win32_1.0.200.202406191623/tools/bin/../lib/gcc/arm-none-eabi/12.3.1/../../../../arm-none-eabi/lib/thumb/v7e-m+fp/hard\libc_nano.a(libc_a-closer.o)
                              C:/ST/STM32CubeIDE_1.16.1/STM32CubeIDE/plugins/com.st.stm32cube.ide.mcu.externaltools.gnu-tools-for-stm32.12.3.rel1.win32_1.0.200.202406191623/tools/bin/../lib/gcc/arm-none-eabi/12.3.1/../../../../arm-none-eabi/lib/thumb/v7e-m+fp/hard\libc_nano.a(libc_a-stdio.o) (_close_r)
C:/ST/STM32CubeIDE_1.16.1/STM32CubeIDE/plugins/com.st.stm32cube.ide.mcu.externaltools.gnu-tools-for-stm32.12.3.rel1.win32_1.0.200.202406191623/tools/bin/../lib/gcc/arm-none-eabi/12.3.1/../../../../arm-none-eabi/lib/thumb/v7e-m+fp/hard\libc_nano.a(libc_a-reent.o)
                              C:/ST/STM32CubeIDE_1.16.1/STM32CubeIDE/plugins/com.st.stm32cube.ide.mcu.externaltools.gnu-tools-for-stm32.12.3.rel1.win32_1.0.200.202406191623/tools/bin/../lib/gcc/arm-none-eabi/12.3.1/../../../../arm-none-eabi/lib/thumb/v7e-m+fp/hard\libc_nano.a(libc_a-closer.o) (errno)
C:/ST/STM32CubeIDE_1.16.1/STM32CubeIDE/plugins/com.st.stm32cube.ide.mcu.externaltools.gnu-tools-for-stm32.12.3.rel1.win32_1.0.200.202406191623/tools/bin/../lib/gcc/arm-none-eabi/12.3.1/../../../../arm-none-eabi/lib/thumb/v7e-m+fp/hard\libc_nano.a(libc_a-impure.o)
                              C:/ST/STM32CubeIDE_1.16.1/STM32CubeIDE/plugins/com.st.stm32cube.ide.mcu.externaltools.gnu-tools-for-stm32.12.3.rel1.win32_1.0.200.202406191623/tools/bin/../lib/gcc/arm-none-eabi/12.3.1/../../../../arm-none-eabi/lib/thumb/v7e-m+fp/hard\libc_nano.a(libc_a-reent.o) (_impure_ptr)
C:/ST/STM32CubeIDE_1.16.1/STM32CubeIDE/plugins/com.st.stm32cube.ide.mcu.externaltools.gnu-tools-for-stm32.12.3.rel1.win32_1.0.200.202406191623/tools/bin/../lib/gcc/arm-none-eabi/12.3.1/../../../../arm-none-eabi/lib/thumb/v7e-m+fp/hard\libc_nano.a(libc_a-lseekr.o)
[...]
Memory Configuration

Name             Origin             Length             Attributes
CCMRAM           0x10000000         0x00010000         xrw
RAM              0x20000000         0x00030000         xrw
FLASH            0x08000000         0x00200000         xr
*default*        0x00000000         0xffffffff

Linker script and memory map

LOAD C:/ST/STM32CubeIDE_1.16.1/STM32CubeIDE/plugins/com.st.stm32cube.ide.mcu.externaltools.gnu-tools-for-stm32.12.3.rel1.win32_1.0.200.202406191623/tools/bin/../lib/gcc/arm-none-eabi/12.3.1/thumb/v7e-m+fp/hard/crti.o
LOAD C:/ST/STM32CubeIDE_1.16.1/STM32CubeIDE/plugins/com.st.stm32cube.ide.mcu.externaltools.gnu-tools-for-stm32.12.3.rel1.win32_1.0.200.202406191623/tools/bin/../lib/gcc/arm-none-eabi/12.3.1/thumb/v7e-m+fp/hard/crtbegin.o
LOAD C:/ST/STM32CubeIDE_1.16.1/STM32CubeIDE/plugins/com.st.stm32cube.ide.mcu.externaltools.gnu-tools-for-stm32.12.3.rel1.win32_1.0.200.202406191623/tools/bin/../lib/gcc/arm-none-eabi/12.3.1/../../../../arm-none-eabi/lib/thumb/v7e-m+fp/hard/crt0.o
LOAD ./Core/Src/liquidcrystal_i2c.o
LOAD ./Core/Src/main.o
LOAD ./Core/Src/stm32f4xx_hal_msp.o
LOAD ./Core/Src/stm32f4xx_it.o
LOAD ./Core/Src/syscalls.o
LOAD ./Core/Src/sysmem.o
LOAD ./Core/Src/system_stm32f4xx.o
LOAD ./Core/Startup/startup_stm32f429zitx.o
LOAD ./Drivers/API/Src/API_ALARMA.o
LOAD ./Drivers/API/Src/API_BUZZER.o
LOAD ./Drivers/API/Src/API_Debounce.o
LOAD ./Drivers/API/Src/API_Delay.o
LOAD ./Drivers/API/Src/API_GPIO.o
LOAD ./Drivers/API/Src/API_LEDS.o
LOAD ./Drivers/API/Src/API_MOTOR.o
LOAD ./Drivers/API/Src/API_SM.o
LOAD ./Drivers/API/Src/API_US.o
LOAD ./Drivers/API/Src/ULTRASONICO.o
LOAD ./Drivers/STM32F4xx_HAL_Driver/Src/stm32f4xx_hal.o
LOAD ./Drivers/STM32F4xx_HAL_Driver/Src/stm32f4xx_hal_cortex.o
LOAD ./Drivers/STM32F4xx_HAL_Driver/Src/stm32f4xx_hal_dma.o
LOAD ./Drivers/STM32F4xx_HAL_Driver/Src/stm32f4xx_hal_dma_ex.o
LOAD ./Drivers/STM32F4xx_HAL_Driver/Src/stm32f4xx_hal_exti.o
LOAD ./Drivers/STM32F4xx_HAL_Driver/Src/stm32f4xx_hal_flash.o
LOAD ./Drivers/STM32F4xx_HAL_Driver/Src/stm32f4xx_hal_flash_ex.o
LOAD ./Drivers/STM32F4xx_HAL_Driver/Src/stm32f4xx_hal_flash_ramfunc.o
LOAD ./Drivers/STM32F4xx_HAL_Driver/Src/stm32f4xx_hal_gpio.o
LOAD ./Drivers/STM32F4xx_HAL_Driver/Src/stm32f4xx_hal_i2c.o
LOAD ./Drivers/STM32F4xx_HAL_Driver/Src/stm32f4xx_hal_i2c_ex.o
LOAD ./Drivers/STM32F4xx_HAL_Driver/Src/stm32f4xx_hal_pcd.o
LOAD ./Drivers/STM32F4xx_HAL_Driver/Src/stm32f4xx_hal_pcd_ex.o
LOAD ./Drivers/STM32F4xx_HAL_Driver/Src/stm32f4xx_hal_pwr.o
LOAD ./Drivers/STM32F4xx_HAL_Driver/Src/stm32f4xx_hal_pwr_ex.o
LOAD ./Drivers/STM32F4xx_HAL_Driver/Src/stm32f4xx_hal_rcc.o
LOAD ./Drivers/STM32F4xx_HAL_Driver/Src/stm32f4xx_hal_rcc_ex.o
LOAD ./Drivers/STM32F4xx_HAL_Driver/Src/stm32f4xx_hal_tim.o
LOAD ./Drivers/STM32F4xx_HAL_Driver/Src/stm32f4xx_hal_tim_ex.o
LOAD ./Drivers/STM32F4xx_HAL_Driver/Src/stm32f4xx_hal_uart.o
LOAD ./Drivers/STM32F4xx_HAL_Driver/Src/stm32f4xx_ll_usb.o
START GROUP
LOAD C:/ST/STM32CubeIDE_1.16.1/STM32CubeIDE/plugins/com.st.stm32cube.ide.mcu.externaltools.gnu-tools-for-stm32.12.3.rel1.win32_1.0.200.202406191623/tools/bin/../lib/gcc/arm-none-eabi/12.3.1/../../../../arm-none-eabi/lib/thumb/v7e-m+fp/hard\libc_nano.a
LOAD C:/ST/STM32CubeIDE_1.16.1/STM32CubeIDE/plugins/com.st.stm32cube.ide.mcu.externaltools.gnu-tools-for-stm32.12.3.rel1.win32_1.0.200.202406191623/tools/bin/../lib/gcc/arm-none-eabi/12.3.1/../../../../arm-none-eabi/lib/thumb/v7e-m+fp/hard\libm.a
END GROUP
START GROUP
LOAD C:/ST/STM32CubeIDE_1.16.1/STM32CubeIDE/plugins/com.st.stm32cube.ide.mcu.externaltools.gnu-tools-for-stm32.12.3.rel1.win32_1.0.200.202406191623/tools/bin/../lib/gcc/arm-none-eabi/12.3.1/thumb/v7e-m+fp/hard\libgcc.a
LOAD C:/ST/STM32CubeIDE_1.16.1/STM32CubeIDE/plugins/com.st.stm32cube.ide.mcu.externaltools.gnu-tools-for-stm32.12.3.rel1.win32_1.0.200.202406191623/tools/bin/../lib/gcc/arm-none-eabi/12.3.1/../../../../arm-none-eabi/lib/thumb/v7e-m+fp/hard\libc_nano.a
END GROUP
START GROUP
LOAD C:/ST/STM32CubeIDE_1.16.1/STM32CubeIDE/plugins/com.st.stm32cube.ide.mcu.externaltools.gnu-tools-for-stm32.12.3.rel1.win32_1.0.200.202406191623/tools/bin/../lib/gcc/arm-none-eabi/12.3.1/thumb/v7e-m+fp/hard\libgcc.a
LOAD C:/ST/STM32CubeIDE_1.16.1/STM32CubeIDE/plugins/com.st.stm32cube.ide.mcu.externaltools.gnu-tools-for-stm32.12.3.rel1.win32_1.0.200.202406191623/tools/bin/../lib/gcc/arm-none-eabi/12.3.1/../../../../arm-none-eabi/lib/thumb/v7e-m+fp/hard\libc_nano.a
LOAD C:/ST/STM32CubeIDE_1.16.1/STM32CubeIDE/plugins/com.st.stm32cube.ide.mcu.externaltools.gnu-tools-for-stm32.12.3.rel1.win32_1.0.200.202406191623/tools/bin/../lib/gcc/arm-none-eabi/12.3.1/../../../../arm-none-eabi/lib/thumb/v7e-m+fp/hard\libnosys.a
END GROUP
START GROUP
LOAD C:/ST/STM32CubeIDE_1.16.1/STM32CubeIDE/plugins/com.st.stm32cube.ide.mcu.externaltools.gnu-tools-for-stm32.12.3.rel1.win32_1.0.200.202406191623/tools/bin/../lib/gcc/arm-none-eabi/12.3.1/thumb/v7e-m+fp/hard\libgcc.a
LOAD C:/ST/STM32CubeIDE_1.16.1/STM32CubeIDE/plugins/com.st.stm32cube.ide.mcu.externaltools.gnu-tools-for-stm32.12.3.rel1.win32_1.0.200.202406191623/tools/bin/../lib/gcc/arm-none-eabi/12.3.1/../../../../arm-none-eabi/lib/thumb/v7e-m+fp/hard\libc_nano.a
LOAD C:/ST/STM32CubeIDE_1.16.1/STM32CubeIDE/plugins/com.st.stm32cube.ide.mcu.externaltools.gnu-tools-for-stm32.12.3.rel1.win32_1.0.200.202406191623/tools/bin/../lib/gcc/arm-none-eabi/12.3.1/../../../../arm-none-eabi/lib/thumb/v7e-m+fp/hard\libnosys.a
END GROUP
LOAD C:/ST/STM32CubeIDE_1.16.1/STM32CubeIDE/plugins/com.st.stm32cube.ide.mcu.externaltools.gnu-tools-for-stm32.12.3.rel1.win32_1.0.200.202406191623/tools/bin/../lib/gcc/arm-none-eabi/12.3.1/thumb/v7e-m+fp/hard/crtend.o
LOAD C:/ST/STM32CubeIDE_1.16.1/STM32CubeIDE/plugins/com.st.stm32cube.ide.mcu.externaltools.gnu-tools-for-stm32.12.3.rel1.win32_1.0.200.202406191623/tools/bin/../lib/gcc/arm-none-eabi/12.3.1/thumb/v7e-m+fp/hard/crtn.o
                0x20030000                        _estack = (ORIGIN (RAM) + LENGTH (RAM))
                0x00000200                        _Min_Heap_Size = 0x200
                0x00000400                        _Min_Stack_Size = 0x400

.isr_vector     0x08000000      0x1ac
                0x08000000                        . = ALIGN (0x4)
 *(.isr_vector)
 .isr_vector    0x08000000      0x1ac ./Core/Startup/startup_stm32f429zitx.o
                0x08000000                g_pfnVectors
                0x080001ac                        . = ALIGN (0x4)

.text           0x080001b0     0x4638
                0x080001b0                        . = ALIGN (0x4)
 *(.text)
 .text          0x080001b0       0x40 C:/ST/STM32CubeIDE_1.16.1/STM32CubeIDE/plugins/com.st.stm32cube.ide.mcu.externaltools.gnu-tools-for-stm32.12.3.rel1.win32_1.0.200.202406191623/tools/bin/../lib/gcc/arm-none-eabi/12.3.1/thumb/v7e-m+fp/hard/crtbegin.o
 .text          0x080001f0      0x378 C:/ST/STM32CubeIDE_1.16.1/STM32CubeIDE/plugins/com.st.stm32cube.ide.mcu.externaltools.gnu-tools-for-stm32.12.3.rel1.win32_1.0.200.202406191623/tools/bin/../lib/gcc/arm-none-eabi/12.3.1/thumb/v7e-m+fp/hard\libgcc.a(_arm_addsubdf3.o)
                0x080001f0                __aeabi_drsub
                0x080001f8                __aeabi_dsub
                0x080001f8                __subdf3
                0x080001fc                __aeabi_dadd
                0x080001fc                __adddf3
                0x08000474                __floatunsidf
                0x08000474                __aeabi_ui2d
                0x08000494                __floatsidf
                0x08000494                __aeabi_i2d
                0x080004b8                __aeabi_f2d
                0x080004b8                __extendsfdf2
                0x080004fc                __floatundidf
                0x080004fc                __aeabi_ul2d
                0x0800050c                __floatdidf
                0x0800050c                __aeabi_l2d
 .text          0x08000568      0x424 C:/ST/STM32CubeIDE_1.16.1/STM32CubeIDE/plugins/com.st.stm32cube.ide.mcu.externaltools.gnu-tools-for-stm32.12.3.rel1.win32_1.0.200.202406191623/tools/bin/../lib/gcc/arm-none-eabi/12.3.1/thumb/v7e-m+fp/hard\libgcc.a(_arm_muldivdf3.o)
                0x08000568                __aeabi_dmul
                0x08000568                __muldf3
                0x080007bc                __divdf3
                0x080007bc                __aeabi_ddiv
 .text          0x0800098c       0x40 C:/ST/STM32CubeIDE_1.16.1/STM32CubeIDE/plugins/com.st.stm32cube.ide.mcu.externaltools.gnu-tools-for-stm32.12.3.rel1.win32_1.0.200.202406191623/tools/bin/../lib/gcc/arm-none-eabi/12.3.1/thumb/v7e-m+fp/hard\libgcc.a(_arm_fixunsdfsi.o)
                0x0800098c                __aeabi_d2uiz
                0x0800098c                __fixunsdfsi
 .text          0x080009cc       0x30 C:/ST/STM32CubeIDE_1.16.1/STM32CubeIDE/plugins/com.st.stm32cube.ide.mcu.externaltools.gnu-tools-for-stm32.12.3.rel1.win32_1.0.200.202406191623/tools/bin/../lib/gcc/arm-none-eabi/12.3.1/thumb/v7e-m+fp/hard\libgcc.a(_aeabi_uldivmod.o)
                0x080009cc                __aeabi_uldivmod
 .text          0x080009fc      0x2bc C:/ST/STM32CubeIDE_1.16.1/STM32CubeIDE/plugins/com.st.stm32cube.ide.mcu.externaltools.gnu-tools-for-stm32.12.3.rel1.win32_1.0.200.202406191623/tools/bin/../lib/gcc/arm-none-eabi/12.3.1/thumb/v7e-m+fp/hard\libgcc.a(_udivmoddi4.o)
                0x080009fc                __udivmoddi4
 .text          0x08000cb8        0x4 C:/ST/STM32CubeIDE_1.16.1/STM32CubeIDE/plugins/com.st.stm32cube.ide.mcu.externaltools.gnu-tools-for-stm32.12.3.rel1.win32_1.0.200.202406191623/tools/bin/../lib/gcc/arm-none-eabi/12.3.1/thumb/v7e-m+fp/hard\libgcc.a(_dvmd_tls.o)
                0x08000cb8                __aeabi_idiv0
                0x08000cb8                __aeabi_ldiv0
 *(.text*)
 .text.HD44780_Init
                0x08000cbc      0x108 ./Core/Src/liquidcrystal_i2c.o
                0x08000cbc                HD44780_Init
 .text.HD44780_Clear
                0x08000dc4       0x16 ./Core/Src/liquidcrystal_i2c.o
                0x08000dc4                HD44780_Clear
 .text.HD44780_Home
                0x08000dda       0x16 ./Core/Src/liquidcrystal_i2c.o
                0x08000dda                HD44780_Home
 .text.HD44780_SetCursor
                0x08000df0       0x64 ./Core/Src/liquidcrystal_i2c.o
                0x08000df0                HD44780_SetCursor
 .text.HD44780_Display
                0x08000e54       0x2c ./Core/Src/liquidcrystal_i2c.o
                0x08000e54                HD44780_Display
 .text.HD44780_CreateSpecialChar
                0x08000e80       0x52 ./Core/Src/liquidcrystal_i2c.o
                0x08000e80                HD44780_CreateSpecialChar
 .text.HD44780_PrintStr
                0x08000ed2       0x2a ./Core/Src/liquidcrystal_i2c.o
                0x08000ed2                HD44780_PrintStr
 .text.SendCommand
                0x08000efc       0x1c ./Core/Src/liquidcrystal_i2c.o
 .text.SendChar
                0x08000f18       0x1c ./Core/Src/liquidcrystal_i2c.o
 .text.Send     0x08000f34       0x42 ./Core/Src/liquidcrystal_i2c.o
 .text.Write4Bits
                0x08000f76       0x22 ./Core/Src/liquidcrystal_i2c.o
 .text.ExpanderWrite
                0x08000f98       0x38 ./Core/Src/liquidcrystal_i2c.o
 .text.PulseEnable
                0x08000fd0       0x3a ./Core/Src/liquidcrystal_i2c.o
 *fill*         0x0800100a        0x2 
 .text.DelayInit
                0x0800100c       0x54 ./Core/Src/liquidcrystal_i2c.o
 .text.DelayUS  0x08001060       0x50 ./Core/Src/liquidcrystal_i2c.o
 .text.Mostrar_Alarma_Activada
                0x080010b0       0x20 ./Core/Src/liquidcrystal_i2c.o
                0x080010b0                Mostrar_Alarma_Activada
 .text.Mostrar_Alarma_Desactivada
                0x080010d0       0x20 ./Core/Src/liquidcrystal_i2c.o
                0x080010d0                Mostrar_Alarma_Desactivada
 .text.main     0x080010f0       0xe4 ./Core/Src/main.o
                0x080010f0                main
 .text.Bluetooth_ProcessCommand
                0x080011d4       0x2e ./Core/Src/main.o
                0x080011d4                Bluetooth_ProcessCommand
 *fill*         0x08001202        0x2 
 .text.SystemClock_Config
                0x08001204       0xd4 ./Core/Src/main.o
                0x08001204                SystemClock_Config
 .text.MX_I2C1_Init
                0x080012d8       0x80 ./Core/Src/main.o
                0x080012d8                MX_I2C1_Init
 .text.MX_TIM5_Init
                0x08001358       0x9c ./Core/Src/main.o
                0x08001358                MX_TIM5_Init
 .text.MX_TIM9_Init
                0x080013f4       0x74 ./Core/Src/main.o
                0x080013f4                MX_TIM9_Init
 .text.MX_USART2_UART_Init
                0x08001468       0x54 ./Core/Src/main.o
                0x08001468                MX_USART2_UART_Init
 .text.Error_Handler
                0x080014bc        0xc ./Core/Src/main.o
                0x080014bc                Error_Handler
 .text.HAL_MspInit
                0x080014c8       0x50 ./Core/Src/stm32f4xx_hal_msp.o
                0x080014c8                HAL_MspInit
 .text.HAL_I2C_MspInit
                0x08001518       0x90 ./Core/Src/stm32f4xx_hal_msp.o
                0x08001518                HAL_I2C_MspInit
 .text.HAL_TIM_Base_MspInit
                0x080015a8       0x70 ./Core/Src/stm32f4xx_hal_msp.o
                0x080015a8                HAL_TIM_Base_MspInit
 .text.HAL_UART_MspInit
                0x08001618       0xfc ./Core/Src/stm32f4xx_hal_msp.o
                0x08001618                HAL_UART_MspInit
 .text.NMI_Handler
                0x08001714        0x8 ./Core/Src/stm32f4xx_it.o
                0x08001714                NMI_Handler
 .text.HardFault_Handler
                0x0800171c        0x8 ./Core/Src/stm32f4xx_it.o
                0x0800171c                HardFault_Handler
 .text.MemManage_Handler
                0x08001724        0x8 ./Core/Src/stm32f4xx_it.o
                0x08001724                MemManage_Handler
 .text.BusFault_Handler
                0x0800172c        0x8 ./Core/Src/stm32f4xx_it.o
                0x0800172c                BusFault_Handler
 .text.UsageFault_Handler
                0x08001734        0x8 ./Core/Src/stm32f4xx_it.o
                0x08001734                UsageFault_Handler
 .text.SVC_Handler
                0x0800173c        0xe ./Core/Src/stm32f4xx_it.o
                0x0800173c                SVC_Handler
 .text.DebugMon_Handler
                0x0800174a        0xe ./Core/Src/stm32f4xx_it.o
                0x0800174a                DebugMon_Handler
 .text.PendSV_Handler
                0x08001758        0xe ./Core/Src/stm32f4xx_it.o
                0x08001758                PendSV_Handler
 .text.SysTick_Handler
                0x08001766        0xc ./Core/Src/stm32f4xx_it.o
                0x08001766                SysTick_Handler
 *fill*         0x08001772        0x2 
 .text.SystemInit
                0x08001774       0x24 ./Core/Src/system_stm32f4xx.o
                0x08001774                SystemInit
 .text.Reset_Handler
                0x08001798       0x50 ./Core/Startup/startup_stm32f429zitx.o
                0x08001798                Reset_Handler
 .text.Default_Handler
                0x080017e8        0x2 ./Core/Startup/startup_stm32f429zitx.o
                0x080017e8                RTC_Alarm_IRQHandler
                0x080017e8                HASH_RNG_IRQHandler
                0x080017e8                EXTI2_IRQHandler
                0x080017e8                TIM8_CC_IRQHandler
                0x080017e8                UART8_IRQHandler
                0x080017e8                SPI4_IRQHandler
                0x080017e8                TIM1_CC_IRQHandler
                0x080017e8                DMA2_Stream5_IRQHandler
                0x080017e8                DMA1_Stream5_IRQHandler
                0x080017e8                PVD_IRQHandler
                0x080017e8                SDIO_IRQHandler
                0x080017e8                TAMP_STAMP_IRQHandler
                0x080017e8                CAN2_RX1_IRQHandler
                0x080017e8                EXTI3_IRQHandler
                0x080017e8                TIM8_TRG_COM_TIM14_IRQHandler
                0x080017e8                TIM1_UP_TIM10_IRQHandler
                0x080017e8                TIM8_UP_TIM13_IRQHandler
                0x080017e8                I2C3_ER_IRQHandler
                0x080017e8                EXTI0_IRQHandler
                0x080017e8                I2C2_EV_IRQHandler
                0x080017e8                DMA1_Stream2_IRQHandler
                0x080017e8                CAN1_RX0_IRQHandler
                0x080017e8                FPU_IRQHandler
                0x080017e8                OTG_HS_WKUP_IRQHandler
                0x080017e8                LTDC_ER_IRQHandler
                0x080017e8                CAN2_SCE_IRQHandler
                0x080017e8                DMA2_Stream2_IRQHandler
                0x080017e8                SPI1_IRQHandler
                0x080017e8                TIM6_DAC_IRQHandler
                0x080017e8                TIM1_BRK_TIM9_IRQHandler
                0x080017e8                DCMI_IRQHandler
                0x080017e8                CAN2_RX0_IRQHandler
                0x080017e8                DMA2_Stream3_IRQHandler
                0x080017e8                USART6_IRQHandler
                0x080017e8                USART3_IRQHandler
                0x080017e8                CAN1_RX1_IRQHandler
                0x080017e8                UART5_IRQHandler
                0x080017e8                DMA2_Stream0_IRQHandler
                0x080017e8                TIM4_IRQHandler
                0x080017e8                I2C1_EV_IRQHandler
                0x080017e8                DMA1_Stream6_IRQHandler
                0x080017e8                DMA1_Stream1_IRQHandler
                0x080017e8                UART4_IRQHandler
                0x080017e8                TIM3_IRQHandler
                0x080017e8                RCC_IRQHandler
                0x080017e8                TIM8_BRK_TIM12_IRQHandler
                0x080017e8                Default_Handler
                0x080017e8                EXTI15_10_IRQHandler
                0x080017e8                ADC_IRQHandler
                0x080017e8                DMA1_Stream7_IRQHandler
                0x080017e8                SPI5_IRQHandler
                0x080017e8                TIM7_IRQHandler
                0x080017e8                CAN2_TX_IRQHandler
                0x080017e8                TIM5_IRQHandler
                0x080017e8                DMA2_Stream7_IRQHandler
                0x080017e8                I2C3_EV_IRQHandler
                0x080017e8                EXTI9_5_IRQHandler
                0x080017e8                RTC_WKUP_IRQHandler
                0x080017e8                LTDC_IRQHandler
                0x080017e8                ETH_WKUP_IRQHandler
                0x080017e8                SPI2_IRQHandler
                0x080017e8                OTG_HS_EP1_IN_IRQHandler
                0x080017e8                DMA1_Stream0_IRQHandler
                0x080017e8                CAN1_TX_IRQHandler
                0x080017e8                EXTI4_IRQHandler
                0x080017e8                ETH_IRQHandler
                0x080017e8                OTG_HS_EP1_OUT_IRQHandler
                0x080017e8                WWDG_IRQHandler
                0x080017e8                SPI6_IRQHandler
                0x080017e8                TIM2_IRQHandler
                0x080017e8                OTG_FS_WKUP_IRQHandler
                0x080017e8                TIM1_TRG_COM_TIM11_IRQHandler
                0x080017e8                OTG_HS_IRQHandler
                0x080017e8                DMA2D_IRQHandler
                0x080017e8                EXTI1_IRQHandler
                0x080017e8                UART7_IRQHandler
                0x080017e8                USART2_IRQHandler
                0x080017e8                I2C2_ER_IRQHandler
                0x080017e8                DMA2_Stream1_IRQHandler
                0x080017e8                CAN1_SCE_IRQHandler
                0x080017e8                FLASH_IRQHandler
                0x080017e8                DMA2_Stream4_IRQHandler
                0x080017e8                USART1_IRQHandler
                0x080017e8                OTG_FS_IRQHandler
                0x080017e8                SPI3_IRQHandler
                0x080017e8                DMA1_Stream4_IRQHandler
                0x080017e8                I2C1_ER_IRQHandler
                0x080017e8                FMC_IRQHandler
                0x080017e8                DMA2_Stream6_IRQHandler
                0x080017e8                SAI1_IRQHandler
                0x080017e8                DMA1_Stream3_IRQHandler
 .text.Alarm_Init
                0x080017ea       0x14 ./Drivers/API/Src/API_ALARMA.o
                0x080017ea                Alarm_Init
 *fill*         0x080017fe        0x2 
 .text.Alarm_Process
                0x08001800       0x84 ./Drivers/API/Src/API_ALARMA.o
                0x08001800                Alarm_Process
 .text.Buzzer_Init
                0x08001884       0x5c ./Drivers/API/Src/API_BUZZER.o
                0x08001884                Buzzer_Init
 .text.Buzzer_On
                0x080018e0       0x18 ./Drivers/API/Src/API_BUZZER.o
                0x080018e0                Buzzer_On
 .text.Buzzer_Off
                0x080018f8       0x18 ./Drivers/API/Src/API_BUZZER.o
                0x080018f8                Buzzer_Off
 .text.debounceFSM_Init
                0x08001910       0x3c ./Drivers/API/Src/API_Debounce.o
                0x08001910                debounceFSM_Init
 .text.debounceFSM_Update
                0x0800194c       0xcc ./Drivers/API/Src/API_Debounce.o
                0x0800194c                debounceFSM_Update
 .text.readKey  0x08001a18       0x28 ./Drivers/API/Src/API_Debounce.o
                0x08001a18                readKey
 .text.delayInit
                0x08001a40       0x22 ./Drivers/API/Src/API_Delay.o
                0x08001a40                delayInit
 .text.delayRead
                0x08001a62       0x4c ./Drivers/API/Src/API_Delay.o
                0x08001a62                delayRead
 *fill*         0x08001aae        0x2 
 .text.MX_GPIO_Init
                0x08001ab0      0x15c ./Drivers/API/Src/API_GPIO.o
                0x08001ab0                MX_GPIO_Init
 .text.writeLedOff_GPIO
                0x08001c0c       0x24 ./Drivers/API/Src/API_GPIO.o
                0x08001c0c                writeLedOff_GPIO
 .text.readButton_GPIO
                0x08001c30       0x24 ./Drivers/API/Src/API_GPIO.o
                0x08001c30                readButton_GPIO
 .text.Button_Init
                0x08001c54        0xe ./Drivers/API/Src/API_GPIO.o
                0x08001c54                Button_Init
 *fill*         0x08001c62        0x2 
 .text.Button_IsPressed
                0x08001c64       0x20 ./Drivers/API/Src/API_GPIO.o
                0x08001c64                Button_IsPressed
 .text.LED_On   0x08001c84       0x3c ./Drivers/API/Src/API_LEDS.o
                0x08001c84                LED_On
 .text.LED_Off  0x08001cc0       0x3c ./Drivers/API/Src/API_LEDS.o
                0x08001cc0                LED_Off
 .text.Stepper_Step
                0x08001cfc       0xcc ./Drivers/API/Src/API_MOTOR.o
                0x08001cfc                Stepper_Step
 .text.PIR_Read
                0x08001dc8       0x18 ./Drivers/API/Src/API_SM.o
                0x08001dc8                PIR_Read
 .text.Ultrasonic_Init
                0x08001de0        0xe ./Drivers/API/Src/API_US.o
                0x08001de0                Ultrasonic_Init
 *fill*         0x08001dee        0x2 
 .text.Ultrasonic_GetDistance
                0x08001df0       0x9c ./Drivers/API/Src/API_US.o
                0x08001df0                Ultrasonic_GetDistance
 .text.ultrasonic_init
                0x08001e8c       0x24 ./Drivers/API/Src/ULTRASONICO.o
                0x08001e8c                ultrasonic_init
 .text.HAL_Init
                0x08001eb0       0x44 ./Drivers/STM32F4xx_HAL_Driver/Src/stm32f4xx_hal.o
                0x08001eb0                HAL_Init
 .text.HAL_InitTick
                0x08001ef4       0x60 ./Drivers/STM32F4xx_HAL_Driver/Src/stm32f4xx_hal.o
                0x08001ef4                HAL_InitTick
 .text.HAL_IncTick
                0x08001f54       0x28 ./Drivers/STM32F4xx_HAL_Driver/Src/stm32f4xx_hal.o
                0x08001f54                HAL_IncTick
 .text.HAL_GetTick
                0x08001f7c       0x18 ./Drivers/STM32F4xx_HAL_Driver/Src/stm32f4xx_hal.o
                0x08001f7c                HAL_GetTick
 .text.HAL_Delay
                0x08001f94       0x48 ./Drivers/STM32F4xx_HAL_Driver/Src/stm32f4xx_hal.o
                0x08001f94                HAL_Delay
 .text.__NVIC_SetPriorityGrouping
                0x08001fdc       0x48 ./Drivers/STM32F4xx_HAL_Driver/Src/stm32f4xx_hal_cortex.o
 .text.__NVIC_GetPriorityGrouping
                0x08002024       0x1c ./Drivers/STM32F4xx_HAL_Driver/Src/stm32f4xx_hal_cortex.o
 .text.__NVIC_SetPriority
                0x08002040       0x54 ./Drivers/STM32F4xx_HAL_Driver/Src/stm32f4xx_hal_cortex.o
 .text.NVIC_EncodePriority
                0x08002094       0x66 ./Drivers/STM32F4xx_HAL_Driver/Src/stm32f4xx_hal_cortex.o
 *fill*         0x080020fa        0x2 
 .text.SysTick_Config
                0x080020fc       0x44 ./Drivers/STM32F4xx_HAL_Driver/Src/stm32f4xx_hal_cortex.o
 .text.HAL_NVIC_SetPriorityGrouping
                0x08002140       0x16 ./Drivers/STM32F4xx_HAL_Driver/Src/stm32f4xx_hal_cortex.o
                0x08002140                HAL_NVIC_SetPriorityGrouping
 .text.HAL_NVIC_SetPriority
                0x08002156       0x38 ./Drivers/STM32F4xx_HAL_Driver/Src/stm32f4xx_hal_cortex.o
                0x08002156                HAL_NVIC_SetPriority
 .text.HAL_SYSTICK_Config
                0x0800218e       0x18 ./Drivers/STM32F4xx_HAL_Driver/Src/stm32f4xx_hal_cortex.o
                0x0800218e                HAL_SYSTICK_Config
 *fill*         0x080021a6        0x2 
 .text.HAL_GPIO_Init
                0x080021a8      0x358 ./Drivers/STM32F4xx_HAL_Driver/Src/stm32f4xx_hal_gpio.o
                0x080021a8                HAL_GPIO_Init
 .text.HAL_GPIO_ReadPin
                0x08002500       0x30 ./Drivers/STM32F4xx_HAL_Driver/Src/stm32f4xx_hal_gpio.o
                0x08002500                HAL_GPIO_ReadPin
 .text.HAL_GPIO_WritePin
                0x08002530       0x32 ./Drivers/STM32F4xx_HAL_Driver/Src/stm32f4xx_hal_gpio.o
                0x08002530                HAL_GPIO_WritePin
 *fill*         0x08002562        0x2 
 .text.HAL_I2C_Init
                0x08002564      0x288 ./Drivers/STM32F4xx_HAL_Driver/Src/stm32f4xx_hal_i2c.o
                0x08002564                HAL_I2C_Init
 .text.HAL_I2C_Master_Transmit
                0x080027ec      0x1fc ./Drivers/STM32F4xx_HAL_Driver/Src/stm32f4xx_hal_i2c.o
                0x080027ec                HAL_I2C_Master_Transmit
 .text.I2C_MasterRequestWrite
                0x080029e8      0x104 ./Drivers/STM32F4xx_HAL_Driver/Src/stm32f4xx_hal_i2c.o
 .text.I2C_WaitOnFlagUntilTimeout
                0x08002aec       0xf4 ./Drivers/STM32F4xx_HAL_Driver/Src/stm32f4xx_hal_i2c.o
 .text.I2C_WaitOnMasterAddressFlagUntilTimeout
                0x08002be0      0x140 ./Drivers/STM32F4xx_HAL_Driver/Src/stm32f4xx_hal_i2c.o
 .text.I2C_WaitOnTXEFlagUntilTimeout
                0x08002d20       0x90 ./Drivers/STM32F4xx_HAL_Driver/Src/stm32f4xx_hal_i2c.o
 .text.I2C_WaitOnBTFFlagUntilTimeout
                0x08002db0       0x90 ./Drivers/STM32F4xx_HAL_Driver/Src/stm32f4xx_hal_i2c.o
 .text.I2C_IsAcknowledgeFailed
                0x08002e40       0x5e ./Drivers/STM32F4xx_HAL_Driver/Src/stm32f4xx_hal_i2c.o
 .text.HAL_I2CEx_ConfigAnalogFilter
                0x08002e9e       0x78 ./Drivers/STM32F4xx_HAL_Driver/Src/stm32f4xx_hal_i2c_ex.o
                0x08002e9e                HAL_I2CEx_ConfigAnalogFilter
 .text.HAL_I2CEx_ConfigDigitalFilter
                0x08002f16       0x7e ./Drivers/STM32F4xx_HAL_Driver/Src/stm32f4xx_hal_i2c_ex.o
                0x08002f16                HAL_I2CEx_ConfigDigitalFilter
 .text.HAL_RCC_OscConfig
                0x08002f94      0x4f0 ./Drivers/STM32F4xx_HAL_Driver/Src/stm32f4xx_hal_rcc.o
                0x08002f94                HAL_RCC_OscConfig
 .text.HAL_RCC_ClockConfig
                0x08003484      0x1cc ./Drivers/STM32F4xx_HAL_Driver/Src/stm32f4xx_hal_rcc.o
                0x08003484                HAL_RCC_ClockConfig
 .text.HAL_RCC_GetSysClockFreq
                0x08003650      0x20c ./Drivers/STM32F4xx_HAL_Driver/Src/stm32f4xx_hal_rcc.o
                0x08003650                HAL_RCC_GetSysClockFreq
 .text.HAL_RCC_GetHCLKFreq
                0x0800385c       0x18 ./Drivers/STM32F4xx_HAL_Driver/Src/stm32f4xx_hal_rcc.o
                0x0800385c                HAL_RCC_GetHCLKFreq
 .text.HAL_RCC_GetPCLK1Freq
                0x08003874       0x28 ./Drivers/STM32F4xx_HAL_Driver/Src/stm32f4xx_hal_rcc.o
                0x08003874                HAL_RCC_GetPCLK1Freq
 .text.HAL_RCC_GetPCLK2Freq
                0x0800389c       0x28 ./Drivers/STM32F4xx_HAL_Driver/Src/stm32f4xx_hal_rcc.o
                0x0800389c                HAL_RCC_GetPCLK2Freq
 .text.HAL_TIM_Base_Init
                0x080038c4       0x9e ./Drivers/STM32F4xx_HAL_Driver/Src/stm32f4xx_hal_tim.o
                0x080038c4                HAL_TIM_Base_Init
 *fill*         0x08003962        0x2 
 .text.HAL_TIM_Base_Start
                0x08003964       0xd0 ./Drivers/STM32F4xx_HAL_Driver/Src/stm32f4xx_hal_tim.o
                0x08003964                HAL_TIM_Base_Start
 .text.HAL_TIM_ConfigClockSource
                0x08003a34      0x18e ./Drivers/STM32F4xx_HAL_Driver/Src/stm32f4xx_hal_tim.o
                0x08003a34                HAL_TIM_ConfigClockSource
 *fill*         0x08003bc2        0x2 
 .text.TIM_Base_SetConfig
                0x08003bc4      0x158 ./Drivers/STM32F4xx_HAL_Driver/Src/stm32f4xx_hal_tim.o
                0x08003bc4                TIM_Base_SetConfig
 .text.TIM_TI1_ConfigInputStage
                0x08003d1c       0x5e ./Drivers/STM32F4xx_HAL_Driver/Src/stm32f4xx_hal_tim.o
 .text.TIM_TI2_ConfigInputStage
                0x08003d7a       0x60 ./Drivers/STM32F4xx_HAL_Driver/Src/stm32f4xx_hal_tim.o
 .text.TIM_ITRx_SetConfig
                0x08003dda       0x36 ./Drivers/STM32F4xx_HAL_Driver/Src/stm32f4xx_hal_tim.o
 .text.TIM_ETR_SetConfig
                0x08003e10       0x40 ./Drivers/STM32F4xx_HAL_Driver/Src/stm32f4xx_hal_tim.o
                0x08003e10                TIM_ETR_SetConfig
 .text.HAL_TIMEx_MasterConfigSynchronization
                0x08003e50       0xf8 ./Drivers/STM32F4xx_HAL_Driver/Src/stm32f4xx_hal_tim_ex.o
                0x08003e50                HAL_TIMEx_MasterConfigSynchronization
 .text.HAL_UART_Init
                0x08003f48       0xa0 ./Drivers/STM32F4xx_HAL_Driver/Src/stm32f4xx_hal_uart.o
                0x08003f48                HAL_UART_Init
 .text.HAL_UART_Receive
                0x08003fe8      0x12e ./Drivers/STM32F4xx_HAL_Driver/Src/stm32f4xx_hal_uart.o
                0x08003fe8                HAL_UART_Receive
 .text.UART_WaitOnFlagUntilTimeout
                0x08004116       0xb2 ./Drivers/STM32F4xx_HAL_Driver/Src/stm32f4xx_hal_uart.o
 .text.UART_EndRxTransfer
                0x080041c8       0xc6 ./Drivers/STM32F4xx_HAL_Driver/Src/stm32f4xx_hal_uart.o
 *fill*         0x0800428e        0x2 
 .text.UART_SetConfig
                0x08004290      0x4e8 ./Drivers/STM32F4xx_HAL_Driver/Src/stm32f4xx_hal_uart.o
 .text.memset   0x08004778       0x10 C:/ST/STM32CubeIDE_1.16.1/STM32CubeIDE/plugins/com.st.stm32cube.ide.mcu.externaltools.gnu-tools-for-stm32.12.3.rel1.win32_1.0.200.202406191623/tools/bin/../lib/gcc/arm-none-eabi/12.3.1/../../../../arm-none-eabi/lib/thumb/v7e-m+fp/hard\libc_nano.a(libc_a-memset.o)
                0x08004778                memset
 .text.__libc_init_array
                0x08004788       0x48 C:/ST/STM32CubeIDE_1.16.1/STM32CubeIDE/plugins/com.st.stm32cube.ide.mcu.externaltools.gnu-tools-for-stm32.12.3.rel1.win32_1.0.200.202406191623/tools/bin/../lib/gcc/arm-none-eabi/12.3.1/../../../../arm-none-eabi/lib/thumb/v7e-m+fp/hard\libc_nano.a(libc_a-init.o)
                0x08004788                __libc_init_array
 *(.glue_7)
 .glue_7        0x080047d0        0x0 linker stubs
 *(.glue_7t)
 .glue_7t       0x080047d0        0x0 linker stubs
 *(.eh_frame)
 .eh_frame      0x080047d0        0x0 C:/ST/STM32CubeIDE_1.16.1/STM32CubeIDE/plugins/com.st.stm32cube.ide.mcu.externaltools.gnu-tools-for-stm32.12.3.rel1.win32_1.0.200.202406191623/tools/bin/../lib/gcc/arm-none-eabi/12.3.1/thumb/v7e-m+fp/hard/crtbegin.o
 *(.init)
 .init          0x080047d0        0x4 C:/ST/STM32CubeIDE_1.16.1/STM32CubeIDE/plugins/com.st.stm32cube.ide.mcu.externaltools.gnu-tools-for-stm32.12.3.rel1.win32_1.0.200.202406191623/tools/bin/../lib/gcc/arm-none-eabi/12.3.1/thumb/v7e-m+fp/hard/crti.o
                0x080047d0                _init
 .init          0x080047d4        0x8 C:/ST/STM32CubeIDE_1.16.1/STM32CubeIDE/plugins/com.st.stm32cube.ide.mcu.externaltools.gnu-tools-for-stm32.12.3.rel1.win32_1.0.200.202406191623/tools/bin/../lib/gcc/arm-none-eabi/12.3.1/thumb/v7e-m+fp/hard/crtn.o
 *(.fini)
 .fini          0x080047dc        0x4 C:/ST/STM32CubeIDE_1.16.1/STM32CubeIDE/plugins/com.st.stm32cube.ide.mcu.externaltools.gnu-tools-for-stm32.12.3.rel1.win32_1.0.200.202406191623/tools/bin/../lib/gcc/arm-none-eabi/12.3.1/thumb/v7e-m+fp/hard/crti.o
                0x080047dc                _fini
 .fini          0x080047e0        0x8 C:/ST/STM32CubeIDE_1.16.1/STM32CubeIDE/plugins/com.st.stm32cube.ide.mcu.externaltools.gnu-tools-for-stm32.12.3.rel1.win32_1.0.200.202406191623/tools/bin/../lib/gcc/arm-none-eabi/12.3.1/thumb/v7e-m+fp/hard/crtn.o
                0x080047e8                        . = ALIGN (0x4)
                0x080047e8                        _etext = .

.vfp11_veneer   0x080047e8        0x0
 .vfp11_veneer  0x080047e8        0x0 linker stubs

.v4_bx          0x080047e8        0x0
 .v4_bx         0x080047e8        0x0 linker stubs

.iplt           0x080047e8        0x0
 .iplt          0x080047e8        0x0 C:/ST/STM32CubeIDE_1.16.1/STM32CubeIDE/plugins/com.st.stm32cube.ide.mcu.externaltools.gnu-tools-for-stm32.12.3.rel1.win32_1.0.200.202406191623/tools/bin/../lib/gcc/arm-none-eabi/12.3.1/thumb/v7e-m+fp/hard/crtbegin.o

.rodata         0x080047e8       0x70
                0x080047e8                        . = ALIGN (0x4)
 *(.rodata)
 .rodata        0x080047e8       0x33 ./Core/Src/liquidcrystal_i2c.o
 *fill*         0x0800481b        0x1 
 .rodata        0x0800481c       0x14 ./Core/Src/main.o
 .rodata        0x08004830       0x10 ./Drivers/API/Src/API_MOTOR.o
 *(.rodata*)
 .rodata.AHBPrescTable
                0x08004840       0x10 ./Core/Src/system_stm32f4xx.o
                0x08004840                AHBPrescTable
 .rodata.APBPrescTable
                0x08004850        0x8 ./Core/Src/system_stm32f4xx.o
                0x08004850                APBPrescTable
                0x08004858                        . = ALIGN (0x4)

.ARM.extab      0x08004858        0x0
                0x08004858                        . = ALIGN (0x4)
 *(.ARM.extab* .gnu.linkonce.armextab.*)
                0x08004858                        . = ALIGN (0x4)

.ARM            0x08004858        0x8
                0x08004858                        . = ALIGN (0x4)
                0x08004858                        __exidx_start = .
 *(.ARM.exidx*)
 .ARM.exidx     0x08004858        0x8 C:/ST/STM32CubeIDE_1.16.1/STM32CubeIDE/plugins/com.st.stm32cube.ide.mcu.externaltools.gnu-tools-for-stm32.12.3.rel1.win32_1.0.200.202406191623/tools/bin/../lib/gcc/arm-none-eabi/12.3.1/thumb/v7e-m+fp/hard\libgcc.a(_udivmoddi4.o)
                0x08004860                        __exidx_end = .
                0x08004860                        . = ALIGN (0x4)

.preinit_array  0x08004860        0x0
                0x08004860                        . = ALIGN (0x4)
                0x08004860                        PROVIDE (__preinit_array_start = .)
 *(.preinit_array*)
                0x08004860                        PROVIDE (__preinit_array_end = .)
                0x08004860                        . = ALIGN (0x4)

.init_array     0x08004860        0x4
                0x08004860                        . = ALIGN (0x4)
                0x08004860                        PROVIDE (__init_array_start = .)
 *(SORT_BY_NAME(.init_array.*))
 *(.init_array*)
 .init_array    0x08004860        0x4 C:/ST/STM32CubeIDE_1.16.1/STM32CubeIDE/plugins/com.st.stm32cube.ide.mcu.externaltools.gnu-tools-for-stm32.12.3.rel1.win32_1.0.200.202406191623/tools/bin/../lib/gcc/arm-none-eabi/12.3.1/thumb/v7e-m+fp/hard/crtbegin.o
                0x08004864                        PROVIDE (__init_array_end = .)
                0x08004864                        . = ALIGN (0x4)

.fini_array     0x08004864        0x4
                0x08004864                        . = ALIGN (0x4)
                [!provide]                        PROVIDE (__fini_array_start = .)
 *(SORT_BY_NAME(.fini_array.*))
 *(.fini_array*)
 .fini_array    0x08004864        0x4 C:/ST/STM32CubeIDE_1.16.1/STM32CubeIDE/plugins/com.st.stm32cube.ide.mcu.externaltools.gnu-tools-for-stm32.12.3.rel1.win32_1.0.200.202406191623/tools/bin/../lib/gcc/arm-none-eabi/12.3.1/thumb/v7e-m+fp/hard/crtbegin.o
                [!provide]                        PROVIDE (__fini_array_end = .)
                0x08004868                        . = ALIGN (0x4)
                0x08004868                        _sidata = LOADADDR (.data)

.rel.dyn        0x08004868        0x0
 .rel.iplt      0x08004868        0x0 C:/ST/STM32CubeIDE_1.16.1/STM32CubeIDE/plugins/com.st.stm32cube.ide.mcu.externaltools.gnu-tools-for-stm32.12.3.rel1.win32_1.0.200.202406191623/tools/bin/../lib/gcc/arm-none-eabi/12.3.1/thumb/v7e-m+fp/hard/crtbegin.o

.data           0x20000000       0x1c load address 0x08004868
                0x20000000                        . = ALIGN (0x4)
                0x20000000                        _sdata = .
 *(.data)
 *(.data*)
 .data.special1
                0x20000000        0x8 ./Core/Src/liquidcrystal_i2c.o
                0x20000000                special1
 .data.special2
                0x20000008        0x8 ./Core/Src/liquidcrystal_i2c.o
                0x20000008                special2
 .data.SystemCoreClock
                0x20000010        0x4 ./Core/Src/system_stm32f4xx.o
                0x20000010                SystemCoreClock
 .data.uwTickPrio
                0x20000014        0x4 ./Drivers/STM32F4xx_HAL_Driver/Src/stm32f4xx_hal.o
                0x20000014                uwTickPrio
 .data.uwTickFreq
                0x20000018        0x1 ./Drivers/STM32F4xx_HAL_Driver/Src/stm32f4xx_hal.o
                0x20000018                uwTickFreq
 *(.RamFunc)
 *(.RamFunc*)
                0x2000001c                        . = ALIGN (0x4)
 *fill*         0x20000019        0x3 
                0x2000001c                        _edata = .
                0x08004884                        _siccmram = LOADADDR (.ccmram)

.igot.plt       0x2000001c        0x0 load address 0x08004884
 .igot.plt      0x2000001c        0x0 C:/ST/STM32CubeIDE_1.16.1/STM32CubeIDE/plugins/com.st.stm32cube.ide.mcu.externaltools.gnu-tools-for-stm32.12.3.rel1.win32_1.0.200.202406191623/tools/bin/../lib/gcc/arm-none-eabi/12.3.1/thumb/v7e-m+fp/hard/crtbegin.o

.ccmram         0x10000000        0x0 load address 0x08004884
                0x10000000                        . = ALIGN (0x4)
                0x10000000                        _sccmram = .
 *(.ccmram)
 *(.ccmram*)
                0x10000000                        . = ALIGN (0x4)
                0x10000000                        _eccmram = .
                0x10000000                        . = ALIGN (0x4)

.bss            0x2000001c      0x168
                0x2000001c                        _sbss = .
                0x2000001c                        __bss_start__ = _sbss
 *(.bss)
 .bss           0x2000001c       0x1c C:/ST/STM32CubeIDE_1.16.1/STM32CubeIDE/plugins/com.st.stm32cube.ide.mcu.externaltools.gnu-tools-for-stm32.12.3.rel1.win32_1.0.200.202406191623/tools/bin/../lib/gcc/arm-none-eabi/12.3.1/thumb/v7e-m+fp/hard/crtbegin.o
 *(.bss*)
 .bss.dpFunction
                0x20000038        0x1 ./Core/Src/liquidcrystal_i2c.o
                0x20000038                dpFunction
 .bss.dpControl
                0x20000039        0x1 ./Core/Src/liquidcrystal_i2c.o
                0x20000039                dpControl
 .bss.dpMode    0x2000003a        0x1 ./Core/Src/liquidcrystal_i2c.o
                0x2000003a                dpMode
 .bss.dpRows    0x2000003b        0x1 ./Core/Src/liquidcrystal_i2c.o
                0x2000003b                dpRows
 .bss.dpBacklight
                0x2000003c        0x1 ./Core/Src/liquidcrystal_i2c.o
                0x2000003c                dpBacklight
 *fill*         0x2000003d        0x3 
 .bss.hi2c1     0x20000040       0x54 ./Core/Src/main.o
                0x20000040                hi2c1
 .bss.htim5     0x20000094       0x48 ./Core/Src/main.o
                0x20000094                htim5
 .bss.htim9     0x200000dc       0x48 ./Core/Src/main.o
                0x200000dc                htim9
 .bss.huart2    0x20000124       0x48 ./Core/Src/main.o
                0x20000124                huart2
 .bss.alarma_activada
                0x2000016c        0x1 ./Drivers/API/Src/API_ALARMA.o
 .bss.deteccion_movimiento
                0x2000016d        0x1 ./Drivers/API/Src/API_ALARMA.o
 .bss.alarma_sonando
                0x2000016e        0x1 ./Drivers/API/Src/API_ALARMA.o
 *fill*         0x2000016f        0x1 
 .bss.tiempo_debounce
                0x20000170        0xc ./Drivers/API/Src/API_Debounce.o
                0x20000170                tiempo_debounce
 .bss.estado_boton
                0x2000017c        0x1 ./Drivers/API/Src/API_Debounce.o
                0x2000017c                estado_boton
 .bss.lectura_boton
                0x2000017d        0x1 ./Drivers/API/Src/API_Debounce.o
                0x2000017d                lectura_boton
 *fill*         0x2000017e        0x2 
 .bss.uwTick    0x20000180        0x4 ./Drivers/STM32F4xx_HAL_Driver/Src/stm32f4xx_hal.o
                0x20000180                uwTick
 *(COMMON)
                0x20000184                        . = ALIGN (0x4)
                0x20000184                        _ebss = .
                0x20000184                        __bss_end__ = _ebss

._user_heap_stack
                0x20000184      0x604
                0x20000188                        . = ALIGN (0x8)
 *fill*         0x20000184        0x4 
                [!provide]                        PROVIDE (end = .)
                0x20000188                        PROVIDE (_end = .)
                0x20000388                        . = (. + _Min_Heap_Size)
 *fill*         0x20000188      0x200 
                0x20000788                        . = (. + _Min_Stack_Size)
 *fill*         0x20000388      0x400 
                0x20000788                        . = ALIGN (0x8)

/DISCARD/
 libc.a(*)
 libm.a(*)
 libgcc.a(*)

.ARM.attributes
                0x00000000       0x30
 *(.ARM.attributes)
 .ARM.attributes
                0x00000000       0x22 C:/ST/STM32CubeIDE_1.16.1/STM32CubeIDE/plugins/com.st.stm32cube.ide.mcu.externaltools.gnu-tools-for-stm32.12.3.rel1.win32_1.0.200.202406191623/tools/bin/../lib/gcc/arm-none-eabi/12.3.1/thumb/v7e-m+fp/hard/crti.o
 .ARM.attributes
                0x00000022       0x34 C:/ST/STM32CubeIDE_1.16.1/STM32CubeIDE/plugins/com.st.stm32cube.ide.mcu.externaltools.gnu-tools-for-stm32.12.3.rel1.win32_1.0.200.202406191623/tools/bin/../lib/gcc/arm-none-eabi/12.3.1/thumb/v7e-m+fp/hard/crtbegin.o
 .ARM.attributes
                0x00000056       0x34 ./Core/Src/liquidcrystal_i2c.o
 .ARM.attributes
                0x0000008a       0x34 ./Core/Src/main.o
 .ARM.attributes
                0x000000be       0x34 ./Core/Src/stm32f4xx_hal_msp.o
 .ARM.attributes
                0x000000f2       0x34 ./Core/Src/stm32f4xx_it.o
 .ARM.attributes
                0x00000126       0x34 ./Core/Src/system_stm32f4xx.o
 .ARM.attributes
                0x0000015a       0x21 ./Core/Startup/startup_stm32f429zitx.o
 .ARM.attributes
                0x0000017b       0x34 ./Drivers/API/Src/API_ALARMA.o
 .ARM.attributes
                0x000001af       0x34 ./Drivers/API/Src/API_BUZZER.o
 .ARM.attributes
                0x000001e3       0x34 ./Drivers/API/Src/API_Debounce.o
 .ARM.attributes
                0x00000217       0x34 ./Drivers/API/Src/API_Delay.o
 .ARM.attributes
                0x0000024b       0x34 ./Drivers/API/Src/API_GPIO.o
 .ARM.attributes
                0x0000027f       0x34 ./Drivers/API/Src/API_LEDS.o
 .ARM.attributes
                0x000002b3       0x34 ./Drivers/API/Src/API_MOTOR.o
 .ARM.attributes
                0x000002e7       0x34 ./Drivers/API/Src/API_SM.o
 .ARM.attributes
                0x0000031b       0x34 ./Drivers/API/Src/API_US.o
 .ARM.attributes
                0x0000034f       0x34 ./Drivers/API/Src/ULTRASONICO.o
 .ARM.attributes
                0x00000383       0x34 ./Drivers/STM32F4xx_HAL_Driver/Src/stm32f4xx_hal.o
 .ARM.attributes
                0x000003b7       0x34 ./Drivers/STM32F4xx_HAL_Driver/Src/stm32f4xx_hal_cortex.o
 .ARM.attributes
                0x000003eb       0x34 ./Drivers/STM32F4xx_HAL_Driver/Src/stm32f4xx_hal_gpio.o
 .ARM.attributes
                0x0000041f       0x34 ./Drivers/STM32F4xx_HAL_Driver/Src/stm32f4xx_hal_i2c.o
 .ARM.attributes
                0x00000453       0x34 ./Drivers/STM32F4xx_HAL_Driver/Src/stm32f4xx_hal_i2c_ex.o
 .ARM.attributes
                0x00000487       0x34 ./Drivers/STM32F4xx_HAL_Driver/Src/stm32f4xx_hal_rcc.o
 .ARM.attributes
                0x000004bb       0x34 ./Drivers/STM32F4xx_HAL_Driver/Src/stm32f4xx_hal_tim.o
 .ARM.attributes
                0x000004ef       0x34 ./Drivers/STM32F4xx_HAL_Driver/Src/stm32f4xx_hal_tim_ex.o
 .ARM.attributes
                0x00000523       0x34 ./Drivers/STM32F4xx_HAL_Driver/Src/stm32f4xx_hal_uart.o
 .ARM.attributes
                0x00000557       0x34 C:/ST/STM32CubeIDE_1.16.1/STM32CubeIDE/plugins/com.st.stm32cube.ide.mcu.externaltools.gnu-tools-for-stm32.12.3.rel1.win32_1.0.200.202406191623/tools/bin/../lib/gcc/arm-none-eabi/12.3.1/../../../../arm-none-eabi/lib/thumb/v7e-m+fp/hard\libc_nano.a(libc_a-memset.o)
 .ARM.attributes
                0x0000058b       0x34 C:/ST/STM32CubeIDE_1.16.1/STM32CubeIDE/plugins/com.st.stm32cube.ide.mcu.externaltools.gnu-tools-for-stm32.12.3.rel1.win32_1.0.200.202406191623/tools/bin/../lib/gcc/arm-none-eabi/12.3.1/../../../../arm-none-eabi/lib/thumb/v7e-m+fp/hard\libc_nano.a(libc_a-init.o)
 .ARM.attributes
                0x000005bf       0x22 C:/ST/STM32CubeIDE_1.16.1/STM32CubeIDE/plugins/com.st.stm32cube.ide.mcu.externaltools.gnu-tools-for-stm32.12.3.rel1.win32_1.0.200.202406191623/tools/bin/../lib/gcc/arm-none-eabi/12.3.1/thumb/v7e-m+fp/hard\libgcc.a(_arm_addsubdf3.o)
 .ARM.attributes
                0x000005e1       0x22 C:/ST/STM32CubeIDE_1.16.1/STM32CubeIDE/plugins/com.st.stm32cube.ide.mcu.externaltools.gnu-tools-for-stm32.12.3.rel1.win32_1.0.200.202406191623/tools/bin/../lib/gcc/arm-none-eabi/12.3.1/thumb/v7e-m+fp/hard\libgcc.a(_arm_muldivdf3.o)
 .ARM.attributes
                0x00000603       0x22 C:/ST/STM32CubeIDE_1.16.1/STM32CubeIDE/plugins/com.st.stm32cube.ide.mcu.externaltools.gnu-tools-for-stm32.12.3.rel1.win32_1.0.200.202406191623/tools/bin/../lib/gcc/arm-none-eabi/12.3.1/thumb/v7e-m+fp/hard\libgcc.a(_arm_fixunsdfsi.o)
 .ARM.attributes
                0x00000625       0x22 C:/ST/STM32CubeIDE_1.16.1/STM32CubeIDE/plugins/com.st.stm32cube.ide.mcu.externaltools.gnu-tools-for-stm32.12.3.rel1.win32_1.0.200.202406191623/tools/bin/../lib/gcc/arm-none-eabi/12.3.1/thumb/v7e-m+fp/hard\libgcc.a(_aeabi_uldivmod.o)
 .ARM.attributes
                0x00000647       0x34 C:/ST/STM32CubeIDE_1.16.1/STM32CubeIDE/plugins/com.st.stm32cube.ide.mcu.externaltools.gnu-tools-for-stm32.12.3.rel1.win32_1.0.200.202406191623/tools/bin/../lib/gcc/arm-none-eabi/12.3.1/thumb/v7e-m+fp/hard\libgcc.a(_udivmoddi4.o)
 .ARM.attributes
                0x0000067b       0x22 C:/ST/STM32CubeIDE_1.16.1/STM32CubeIDE/plugins/com.st.stm32cube.ide.mcu.externaltools.gnu-tools-for-stm32.12.3.rel1.win32_1.0.200.202406191623/tools/bin/../lib/gcc/arm-none-eabi/12.3.1/thumb/v7e-m+fp/hard\libgcc.a(_dvmd_tls.o)
 .ARM.attributes
                0x0000069d       0x22 C:/ST/STM32CubeIDE_1.16.1/STM32CubeIDE/plugins/com.st.stm32cube.ide.mcu.externaltools.gnu-tools-for-stm32.12.3.rel1.win32_1.0.200.202406191623/tools/bin/../lib/gcc/arm-none-eabi/12.3.1/thumb/v7e-m+fp/hard/crtn.o
OUTPUT(Proyecto.elf elf32-littlearm)
LOAD linker stubs
LOAD C:/ST/STM32CubeIDE_1.16.1/STM32CubeIDE/plugins/com.st.stm32cube.ide.mcu.externaltools.gnu-tools-for-stm32.12.3.rel1.win32_1.0.200.202406191623/tools/bin/../lib/gcc/arm-none-eabi/12.3.1/../../../../arm-none-eabi/lib/thumb/v7e-m+fp/hard\libc.a
LOAD C:/ST/STM32CubeIDE_1.16.1/STM32CubeIDE/plugins/com.st.stm32cube.ide.mcu.externaltools.gnu-tools-for-stm32.12.3.rel1.win32_1.0.200.202406191623/tools/bin/../lib/gcc/arm-none-eabi/12.3.1/../../../../arm-none-eabi/lib/thumb/v7e-m+fp/hard\libm.a
LOAD C:/ST/STM32CubeIDE_1.16.1/STM32CubeIDE/plugins/com.st.stm32cube.ide.mcu.externaltools.gnu-tools-for-stm32.12.3.rel1.win32_1.0.200.202406191623/tools/bin/../lib/gcc/arm-none-eabi/12.3.1/thumb/v7e-m+fp/hard\libgcc.a

.debug_info     0x00000000    0x1255a
 .debug_info    0x00000000      0xc94 ./Core/Src/liquidcrystal_i2c.o
 .debug_info    0x00000c94     0x1847 ./Core/Src/main.o
 .debug_info    0x000024db     0x154e ./Core/Src/stm32f4xx_hal_msp.o
 .debug_info    0x00003a29      0x112 ./Core/Src/stm32f4xx_it.o
 .debug_info    0x00003b3b      0x52e ./Core/Src/system_stm32f4xx.o
 .debug_info    0x00004069       0x30 ./Core/Startup/startup_stm32f429zitx.o
 .debug_info    0x00004099      0x19a ./Drivers/API/Src/API_ALARMA.o
 .debug_info    0x00004233      0x3ed ./Drivers/API/Src/API_BUZZER.o
 .debug_info    0x00004620      0x209 ./Drivers/API/Src/API_Debounce.o
 .debug_info    0x00004829      0x183 ./Drivers/API/Src/API_Delay.o
 .debug_info    0x000049ac      0x5b1 ./Drivers/API/Src/API_GPIO.o
 .debug_info    0x00004f5d      0x413 ./Drivers/API/Src/API_LEDS.o
 .debug_info    0x00005370      0x47f ./Drivers/API/Src/API_MOTOR.o
 .debug_info    0x000057ef      0x3fc ./Drivers/API/Src/API_SM.o
 .debug_info    0x00005beb      0x202 ./Drivers/API/Src/API_US.o
 .debug_info    0x00005ded      0x7f5 ./Drivers/API/Src/ULTRASONICO.o
 .debug_info    0x000065e2      0x9ba ./Drivers/STM32F4xx_HAL_Driver/Src/stm32f4xx_hal.o
 .debug_info    0x00006f9c      0xdc2 ./Drivers/STM32F4xx_HAL_Driver/Src/stm32f4xx_hal_cortex.o
 .debug_info    0x00007d5e      0x6db ./Drivers/STM32F4xx_HAL_Driver/Src/stm32f4xx_hal_gpio.o
 .debug_info    0x00008439     0x2421 ./Drivers/STM32F4xx_HAL_Driver/Src/stm32f4xx_hal_i2c.o
 .debug_info    0x0000a85a      0x672 ./Drivers/STM32F4xx_HAL_Driver/Src/stm32f4xx_hal_i2c_ex.o
 .debug_info    0x0000aecc      0x8c7 ./Drivers/STM32F4xx_HAL_Driver/Src/stm32f4xx_hal_rcc.o
 .debug_info    0x0000b793     0x299d ./Drivers/STM32F4xx_HAL_Driver/Src/stm32f4xx_hal_tim.o
 .debug_info    0x0000e130     0x14db ./Drivers/STM32F4xx_HAL_Driver/Src/stm32f4xx_hal_tim_ex.o
 .debug_info    0x0000f60b     0x2f4f ./Drivers/STM32F4xx_HAL_Driver/Src/stm32f4xx_hal_uart.o

.debug_abbrev   0x00000000     0x2db3
 .debug_abbrev  0x00000000      0x2e6 ./Core/Src/liquidcrystal_i2c.o
 .debug_abbrev  0x000002e6      0x352 ./Core/Src/main.o
 .debug_abbrev  0x00000638      0x261 ./Core/Src/stm32f4xx_hal_msp.o
 .debug_abbrev  0x00000899       0x73 ./Core/Src/stm32f4xx_it.o
 .debug_abbrev  0x0000090c      0x11a ./Core/Src/system_stm32f4xx.o
 .debug_abbrev  0x00000a26       0x24 ./Core/Startup/startup_stm32f429zitx.o
 .debug_abbrev  0x00000a4a       0xd0 ./Drivers/API/Src/API_ALARMA.o
 .debug_abbrev  0x00000b1a      0x15e ./Drivers/API/Src/API_BUZZER.o
 .debug_abbrev  0x00000c78      0x124 ./Drivers/API/Src/API_Debounce.o
 .debug_abbrev  0x00000d9c       0xde ./Drivers/API/Src/API_Delay.o
 .debug_abbrev  0x00000e7a      0x1f5 ./Drivers/API/Src/API_GPIO.o
 .debug_abbrev  0x0000106f      0x162 ./Drivers/API/Src/API_LEDS.o
 .debug_abbrev  0x000011d1      0x183 ./Drivers/API/Src/API_MOTOR.o
 .debug_abbrev  0x00001354      0x178 ./Drivers/API/Src/API_SM.o
 .debug_abbrev  0x000014cc      0x149 ./Drivers/API/Src/API_US.o
 .debug_abbrev  0x00001615      0x1d5 ./Drivers/API/Src/ULTRASONICO.o
 .debug_abbrev  0x000017ea      0x214 ./Drivers/STM32F4xx_HAL_Driver/Src/stm32f4xx_hal.o
 .debug_abbrev  0x000019fe      0x31d ./Drivers/STM32F4xx_HAL_Driver/Src/stm32f4xx_hal_cortex.o
 .debug_abbrev  0x00001d1b      0x1d4 ./Drivers/STM32F4xx_HAL_Driver/Src/stm32f4xx_hal_gpio.o
 .debug_abbrev  0x00001eef      0x2ad ./Drivers/STM32F4xx_HAL_Driver/Src/stm32f4xx_hal_i2c.o
 .debug_abbrev  0x0000219c      0x157 ./Drivers/STM32F4xx_HAL_Driver/Src/stm32f4xx_hal_i2c_ex.o
 .debug_abbrev  0x000022f3      0x2b7 ./Drivers/STM32F4xx_HAL_Driver/Src/stm32f4xx_hal_rcc.o
 .debug_abbrev  0x000025aa      0x278 ./Drivers/STM32F4xx_HAL_Driver/Src/stm32f4xx_hal_tim.o
 .debug_abbrev  0x00002822      0x283 ./Drivers/STM32F4xx_HAL_Driver/Src/stm32f4xx_hal_tim_ex.o
 .debug_abbrev  0x00002aa5      0x30e ./Drivers/STM32F4xx_HAL_Driver/Src/stm32f4xx_hal_uart.o

.debug_aranges  0x00000000     0x1190
 .debug_aranges
                0x00000000      0x120 ./Core/Src/liquidcrystal_i2c.o
 .debug_aranges
                0x00000120       0x58 ./Core/Src/main.o
 .debug_aranges
                0x00000178       0x60 ./Core/Src/stm32f4xx_hal_msp.o
 .debug_aranges
                0x000001d8       0x60 ./Core/Src/stm32f4xx_it.o
 .debug_aranges
                0x00000238       0x28 ./Core/Src/system_stm32f4xx.o
 .debug_aranges
                0x00000260       0x28 ./Core/Startup/startup_stm32f429zitx.o
 .debug_aranges
                0x00000288       0x28 ./Drivers/API/Src/API_ALARMA.o
 .debug_aranges
                0x000002b0       0x30 ./Drivers/API/Src/API_BUZZER.o
 .debug_aranges
                0x000002e0       0x30 ./Drivers/API/Src/API_Debounce.o
 .debug_aranges
                0x00000310       0x30 ./Drivers/API/Src/API_Delay.o
 .debug_aranges
                0x00000340       0x58 ./Drivers/API/Src/API_GPIO.o
 .debug_aranges
                0x00000398       0x38 ./Drivers/API/Src/API_LEDS.o
 .debug_aranges
                0x000003d0       0x28 ./Drivers/API/Src/API_MOTOR.o
 .debug_aranges
                0x000003f8       0x28 ./Drivers/API/Src/API_SM.o
 .debug_aranges
                0x00000420       0x28 ./Drivers/API/Src/API_US.o
 .debug_aranges
                0x00000448       0x28 ./Drivers/API/Src/ULTRASONICO.o
 .debug_aranges
                0x00000470      0x100 ./Drivers/STM32F4xx_HAL_Driver/Src/stm32f4xx_hal.o
 .debug_aranges
                0x00000570      0x130 ./Drivers/STM32F4xx_HAL_Driver/Src/stm32f4xx_hal_cortex.o
 .debug_aranges
                0x000006a0       0x58 ./Drivers/STM32F4xx_HAL_Driver/Src/stm32f4xx_hal_gpio.o
 .debug_aranges
                0x000006f8      0x2a8 ./Drivers/STM32F4xx_HAL_Driver/Src/stm32f4xx_hal_i2c.o
 .debug_aranges
                0x000009a0       0x28 ./Drivers/STM32F4xx_HAL_Driver/Src/stm32f4xx_hal_i2c_ex.o
 .debug_aranges
                0x000009c8       0x88 ./Drivers/STM32F4xx_HAL_Driver/Src/stm32f4xx_hal_rcc.o
 .debug_aranges
                0x00000a50      0x3d0 ./Drivers/STM32F4xx_HAL_Driver/Src/stm32f4xx_hal_tim.o
 .debug_aranges
                0x00000e20      0x168 ./Drivers/STM32F4xx_HAL_Driver/Src/stm32f4xx_hal_tim_ex.o
 .debug_aranges
                0x00000f88      0x208 ./Drivers/STM32F4xx_HAL_Driver/Src/stm32f4xx_hal_uart.o

.debug_rnglists
                0x00000000      0xda3
 .debug_rnglists
                0x00000000       0xd4 ./Core/Src/liquidcrystal_i2c.o
 .debug_rnglists
                0x000000d4       0x41 ./Core/Src/main.o
 .debug_rnglists
                0x00000115       0x46 ./Core/Src/stm32f4xx_hal_msp.o
 .debug_rnglists
                0x0000015b       0x43 ./Core/Src/stm32f4xx_it.o
 .debug_rnglists
                0x0000019e       0x1a ./Core/Src/system_stm32f4xx.o
 .debug_rnglists
                0x000001b8       0x19 ./Core/Startup/startup_stm32f429zitx.o
 .debug_rnglists
                0x000001d1       0x1a ./Drivers/API/Src/API_ALARMA.o
 .debug_rnglists
                0x000001eb       0x1f ./Drivers/API/Src/API_BUZZER.o
 .debug_rnglists
                0x0000020a       0x20 ./Drivers/API/Src/API_Debounce.o
 .debug_rnglists
                0x0000022a       0x1f ./Drivers/API/Src/API_Delay.o
 .debug_rnglists
                0x00000249       0x3e ./Drivers/API/Src/API_GPIO.o
 .debug_rnglists
                0x00000287       0x25 ./Drivers/API/Src/API_LEDS.o
 .debug_rnglists
                0x000002ac       0x1a ./Drivers/API/Src/API_MOTOR.o
 .debug_rnglists
                0x000002c6       0x19 ./Drivers/API/Src/API_SM.o
 .debug_rnglists
                0x000002df       0x1a ./Drivers/API/Src/API_US.o
 .debug_rnglists
                0x000002f9       0x1a ./Drivers/API/Src/ULTRASONICO.o
 .debug_rnglists
                0x00000313       0xbb ./Drivers/STM32F4xx_HAL_Driver/Src/stm32f4xx_hal.o
 .debug_rnglists
                0x000003ce       0xe0 ./Drivers/STM32F4xx_HAL_Driver/Src/stm32f4xx_hal_cortex.o
 .debug_rnglists
                0x000004ae       0x3f ./Drivers/STM32F4xx_HAL_Driver/Src/stm32f4xx_hal_gpio.o
 .debug_rnglists
                0x000004ed      0x23c ./Drivers/STM32F4xx_HAL_Driver/Src/stm32f4xx_hal_i2c.o
 .debug_rnglists
                0x00000729       0x19 ./Drivers/STM32F4xx_HAL_Driver/Src/stm32f4xx_hal_i2c_ex.o
 .debug_rnglists
                0x00000742       0x66 ./Drivers/STM32F4xx_HAL_Driver/Src/stm32f4xx_hal_rcc.o
 .debug_rnglists
                0x000007a8      0x31a ./Drivers/STM32F4xx_HAL_Driver/Src/stm32f4xx_hal_tim.o
 .debug_rnglists
                0x00000ac2      0x125 ./Drivers/STM32F4xx_HAL_Driver/Src/stm32f4xx_hal_tim_ex.o
 .debug_rnglists
                0x00000be7      0x1bc ./Drivers/STM32F4xx_HAL_Driver/Src/stm32f4xx_hal_uart.o

.debug_macro    0x00000000    0x25119
 .debug_macro   0x00000000      0x223 ./Core/Src/liquidcrystal_i2c.o
 .debug_macro   0x00000223      0xab4 ./Core/Src/liquidcrystal_i2c.o
 .debug_macro   0x00000cd7      0x2a7 ./Core/Src/liquidcrystal_i2c.o
 .debug_macro   0x00000f7e       0x2e ./Core/Src/liquidcrystal_i2c.o
 .debug_macro   0x00000fac       0x28 ./Core/Src/liquidcrystal_i2c.o
 .debug_macro   0x00000fd4       0x22 ./Core/Src/liquidcrystal_i2c.o
 .debug_macro   0x00000ff6       0x8e ./Core/Src/liquidcrystal_i2c.o
 .debug_macro   0x00001084       0x51 ./Core/Src/liquidcrystal_i2c.o
 .debug_macro   0x000010d5      0x103 ./Core/Src/liquidcrystal_i2c.o
 .debug_macro   0x000011d8       0x6a ./Core/Src/liquidcrystal_i2c.o
 .debug_macro   0x00001242      0x1df ./Core/Src/liquidcrystal_i2c.o
 .debug_macro   0x00001421       0x1c ./Core/Src/liquidcrystal_i2c.o
 .debug_macro   0x0000143d       0x22 ./Core/Src/liquidcrystal_i2c.o
 .debug_macro   0x0000145f       0xfb ./Core/Src/liquidcrystal_i2c.o
 .debug_macro   0x0000155a     0x1011 ./Core/Src/liquidcrystal_i2c.o
 .debug_macro   0x0000256b      0x11f ./Core/Src/liquidcrystal_i2c.o
 .debug_macro   0x0000268a    0x17fd8 ./Core/Src/liquidcrystal_i2c.o
 .debug_macro   0x0001a662       0x6d ./Core/Src/liquidcrystal_i2c.o
 .debug_macro   0x0001a6cf     0x3711 ./Core/Src/liquidcrystal_i2c.o
 .debug_macro   0x0001dde0      0x189 ./Core/Src/liquidcrystal_i2c.o
 .debug_macro   0x0001df69       0x5c ./Core/Src/liquidcrystal_i2c.o
 .debug_macro   0x0001dfc5      0xcba ./Core/Src/liquidcrystal_i2c.o
 .debug_macro   0x0001ec7f      0x9e9 ./Core/Src/liquidcrystal_i2c.o
 .debug_macro   0x0001f668      0x115 ./Core/Src/liquidcrystal_i2c.o
 .debug_macro   0x0001f77d      0x156 ./Core/Src/liquidcrystal_i2c.o
 .debug_macro   0x0001f8d3       0xa5 ./Core/Src/liquidcrystal_i2c.o
 .debug_macro   0x0001f978      0x182 ./Core/Src/liquidcrystal_i2c.o
 .debug_macro   0x0001fafa      0x287 ./Core/Src/liquidcrystal_i2c.o
 .debug_macro   0x0001fd81       0x5f ./Core/Src/liquidcrystal_i2c.o
 .debug_macro   0x0001fde0      0x236 ./Core/Src/liquidcrystal_i2c.o
 .debug_macro   0x00020016      0x132 ./Core/Src/liquidcrystal_i2c.o
 .debug_macro   0x00020148      0x41d ./Core/Src/liquidcrystal_i2c.o
 .debug_macro   0x00020565       0x2e ./Core/Src/liquidcrystal_i2c.o
 .debug_macro   0x00020593      0x1b5 ./Core/Src/liquidcrystal_i2c.o
 .debug_macro   0x00020748       0x22 ./Core/Src/liquidcrystal_i2c.o
 .debug_macro   0x0002076a       0xd6 ./Core/Src/liquidcrystal_i2c.o
 .debug_macro   0x00020840      0x127 ./Core/Src/liquidcrystal_i2c.o
 .debug_macro   0x00020967       0xe2 ./Core/Src/liquidcrystal_i2c.o
 .debug_macro   0x00020a49       0x89 ./Core/Src/liquidcrystal_i2c.o
 .debug_macro   0x00020ad2      0x8ed ./Core/Src/liquidcrystal_i2c.o
 .debug_macro   0x000213bf       0x4d ./Core/Src/liquidcrystal_i2c.o
 .debug_macro   0x0002140c      0x2aa ./Core/Src/liquidcrystal_i2c.o
 .debug_macro   0x000216b6      0x293 ./Core/Src/liquidcrystal_i2c.o
 .debug_macro   0x00021949       0xba ./Core/Src/liquidcrystal_i2c.o
 .debug_macro   0x00021a03      0x134 ./Core/Src/liquidcrystal_i2c.o
 .debug_macro   0x00021b37       0xfa ./Core/Src/liquidcrystal_i2c.o
 .debug_macro   0x00021c31       0xd0 ./Core/Src/liquidcrystal_i2c.o
 .debug_macro   0x00021d01      0x299 ./Core/Src/main.o
 .debug_macro   0x00021f9a       0xf4 ./Core/Src/main.o
 .debug_macro   0x0002208e       0x22 ./Core/Src/main.o
 .debug_macro   0x000220b0       0x22 ./Core/Src/main.o
 .debug_macro   0x000220d2       0x16 ./Core/Src/main.o
 .debug_macro   0x000220e8       0x16 ./Core/Src/main.o
 .debug_macro   0x000220fe       0x28 ./Core/Src/main.o
 .debug_macro   0x00022126       0x16 ./Core/Src/main.o
 .debug_macro   0x0002213c      0x21a ./Core/Src/stm32f4xx_hal_msp.o
 .debug_macro   0x00022356      0x224 ./Core/Src/stm32f4xx_it.o
 .debug_macro   0x0002257a      0x20b ./Core/Src/system_stm32f4xx.o
 .debug_macro   0x00022785      0x248 ./Drivers/API/Src/API_ALARMA.o
 .debug_macro   0x000229cd      0x223 ./Drivers/API/Src/API_BUZZER.o
 .debug_macro   0x00022bf0      0x246 ./Drivers/API/Src/API_Debounce.o
 .debug_macro   0x00022e36       0x10 ./Drivers/API/Src/API_Debounce.o
 .debug_macro   0x00022e46      0x23c ./Drivers/API/Src/API_Delay.o
 .debug_macro   0x00023082      0x22c ./Drivers/API/Src/API_GPIO.o
 .debug_macro   0x000232ae      0x229 ./Drivers/API/Src/API_LEDS.o
 .debug_macro   0x000234d7       0x22 ./Drivers/API/Src/API_LEDS.o
 .debug_macro   0x000234f9      0x248 ./Drivers/API/Src/API_MOTOR.o
 .debug_macro   0x00023741      0x229 ./Drivers/API/Src/API_SM.o
 .debug_macro   0x0002396a       0x10 ./Drivers/API/Src/API_SM.o
 .debug_macro   0x0002397a      0x226 ./Drivers/API/Src/API_US.o
 .debug_macro   0x00023ba0      0x220 ./Drivers/API/Src/ULTRASONICO.o
 .debug_macro   0x00023dc0       0x1c ./Drivers/API/Src/ULTRASONICO.o
 .debug_macro   0x00023ddc      0x26b ./Drivers/STM32F4xx_HAL_Driver/Src/stm32f4xx_hal.o
 .debug_macro   0x00024047      0x20b ./Drivers/STM32F4xx_HAL_Driver/Src/stm32f4xx_hal_cortex.o
 .debug_macro   0x00024252      0x211 ./Drivers/STM32F4xx_HAL_Driver/Src/stm32f4xx_hal_gpio.o
 .debug_macro   0x00024463      0x259 ./Drivers/STM32F4xx_HAL_Driver/Src/stm32f4xx_hal_i2c.o
 .debug_macro   0x000246bc      0x20b ./Drivers/STM32F4xx_HAL_Driver/Src/stm32f4xx_hal_i2c_ex.o
 .debug_macro   0x000248c7      0x22f ./Drivers/STM32F4xx_HAL_Driver/Src/stm32f4xx_hal_rcc.o
 .debug_macro   0x00024af6      0x20c ./Drivers/STM32F4xx_HAL_Driver/Src/stm32f4xx_hal_tim.o
 .debug_macro   0x00024d02      0x20b ./Drivers/STM32F4xx_HAL_Driver/Src/stm32f4xx_hal_tim_ex.o
 .debug_macro   0x00024f0d      0x20c ./Drivers/STM32F4xx_HAL_Driver/Src/stm32f4xx_hal_uart.o

.debug_line     0x00000000    0x17b51
 .debug_line    0x00000000      0xbf5 ./Core/Src/liquidcrystal_i2c.o
 .debug_line    0x00000bf5      0xaab ./Core/Src/main.o
 .debug_line    0x000016a0      0x93a ./Core/Src/stm32f4xx_hal_msp.o
 .debug_line    0x00001fda      0x889 ./Core/Src/stm32f4xx_it.o
 .debug_line    0x00002863      0x84b ./Core/Src/system_stm32f4xx.o
 .debug_line    0x000030ae       0x7a ./Core/Startup/startup_stm32f429zitx.o
 .debug_line    0x00003128      0x8af ./Drivers/API/Src/API_ALARMA.o
 .debug_line    0x000039d7      0x85d ./Drivers/API/Src/API_BUZZER.o
 .debug_line    0x00004234      0x8ee ./Drivers/API/Src/API_Debounce.o
 .debug_line    0x00004b22      0x88e ./Drivers/API/Src/API_Delay.o
 .debug_line    0x000053b0      0x907 ./Drivers/API/Src/API_GPIO.o
 .debug_line    0x00005cb7      0x879 ./Drivers/API/Src/API_LEDS.o
 .debug_line    0x00006530      0x8d0 ./Drivers/API/Src/API_MOTOR.o
 .debug_line    0x00006e00      0x83b ./Drivers/API/Src/API_SM.o
 .debug_line    0x0000763b      0x864 ./Drivers/API/Src/API_US.o
 .debug_line    0x00007e9f      0x8b8 ./Drivers/API/Src/ULTRASONICO.o
 .debug_line    0x00008757      0xaea ./Drivers/STM32F4xx_HAL_Driver/Src/stm32f4xx_hal.o
 .debug_line    0x00009241      0xda6 ./Drivers/STM32F4xx_HAL_Driver/Src/stm32f4xx_hal_cortex.o
 .debug_line    0x00009fe7      0xc68 ./Drivers/STM32F4xx_HAL_Driver/Src/stm32f4xx_hal_gpio.o
 .debug_line    0x0000ac4f     0x3bfa ./Drivers/STM32F4xx_HAL_Driver/Src/stm32f4xx_hal_i2c.o
 .debug_line    0x0000e849      0x841 ./Drivers/STM32F4xx_HAL_Driver/Src/stm32f4xx_hal_i2c_ex.o
 .debug_line    0x0000f08a      0xe3f ./Drivers/STM32F4xx_HAL_Driver/Src/stm32f4xx_hal_rcc.o
 .debug_line    0x0000fec9     0x3858 ./Drivers/STM32F4xx_HAL_Driver/Src/stm32f4xx_hal_tim.o
 .debug_line    0x00013721     0x1aaa ./Drivers/STM32F4xx_HAL_Driver/Src/stm32f4xx_hal_tim_ex.o
 .debug_line    0x000151cb     0x2986 ./Drivers/STM32F4xx_HAL_Driver/Src/stm32f4xx_hal_uart.o

.debug_str      0x00000000    0xdb393
 .debug_str     0x00000000    0xd66b3 ./Core/Src/liquidcrystal_i2c.o
                              0xd69ae (size before relaxing)
 .debug_str     0x000d66b3      0xecd ./Core/Src/main.o
                              0xd75fb (size before relaxing)
 .debug_str     0x000d7580      0x15a ./Core/Src/stm32f4xx_hal_msp.o
                              0xd6d68 (size before relaxing)
 .debug_str     0x000d76da       0xc9 ./Core/Src/stm32f4xx_it.o
                              0xd5e74 (size before relaxing)
 .debug_str     0x000d77a3       0xcb ./Core/Src/system_stm32f4xx.o
                              0xd5bf0 (size before relaxing)
 .debug_str     0x000d786e       0x44 ./Core/Startup/startup_stm32f429zitx.o
                                 0x84 (size before relaxing)
 .debug_str     0x000d78b2       0xc3 ./Drivers/API/Src/API_ALARMA.o
                              0xd5fee (size before relaxing)
 .debug_str     0x000d7975       0x40 ./Drivers/API/Src/API_BUZZER.o
                              0xd6020 (size before relaxing)
 .debug_str     0x000d79b5      0x104 ./Drivers/API/Src/API_Debounce.o
                              0xd5fd0 (size before relaxing)
 .debug_str     0x000d7ab9       0x3c ./Drivers/API/Src/API_Delay.o
                              0xd5edf (size before relaxing)
 .debug_str     0x000d7af5       0x6a ./Drivers/API/Src/API_GPIO.o
                              0xd610f (size before relaxing)
 .debug_str     0x000d7b5f       0x32 ./Drivers/API/Src/API_LEDS.o
                              0xd606c (size before relaxing)
 .debug_str     0x000d7b91       0xc9 ./Drivers/API/Src/API_MOTOR.o
                              0xd60a8 (size before relaxing)
 .debug_str     0x000d7c5a       0x25 ./Drivers/API/Src/API_SM.o
                              0xd6014 (size before relaxing)
 .debug_str     0x000d7c7f       0x23 ./Drivers/API/Src/API_US.o
                              0xd5f50 (size before relaxing)
 .debug_str     0x000d7ca2       0xbc ./Drivers/API/Src/ULTRASONICO.o
                              0xd60da (size before relaxing)
 .debug_str     0x000d7d5e      0xb95 ./Drivers/STM32F4xx_HAL_Driver/Src/stm32f4xx_hal.o
                              0xd6813 (size before relaxing)
 .debug_str     0x000d88f3      0x392 ./Drivers/STM32F4xx_HAL_Driver/Src/stm32f4xx_hal_cortex.o
                              0xd6541 (size before relaxing)
 .debug_str     0x000d8c85       0xfd ./Drivers/STM32F4xx_HAL_Driver/Src/stm32f4xx_hal_gpio.o
                              0xd5d6b (size before relaxing)
 .debug_str     0x000d8d82      0xb3f ./Drivers/STM32F4xx_HAL_Driver/Src/stm32f4xx_hal_i2c.o
                              0xd6c00 (size before relaxing)
 .debug_str     0x000d98c1       0x3b ./Drivers/STM32F4xx_HAL_Driver/Src/stm32f4xx_hal_i2c_ex.o
                              0xd5fbf (size before relaxing)
 .debug_str     0x000d98fc      0x213 ./Drivers/STM32F4xx_HAL_Driver/Src/stm32f4xx_hal_rcc.o
                              0xd6024 (size before relaxing)
 .debug_str     0x000d9b0f      0xdf1 ./Drivers/STM32F4xx_HAL_Driver/Src/stm32f4xx_hal_tim.o
                              0xd6f67 (size before relaxing)
 .debug_str     0x000da900      0x493 ./Drivers/STM32F4xx_HAL_Driver/Src/stm32f4xx_hal_tim_ex.o
                              0xd6773 (size before relaxing)
 .debug_str     0x000dad93      0x600 ./Drivers/STM32F4xx_HAL_Driver/Src/stm32f4xx_hal_uart.o
                              0xd65f2 (size before relaxing)

.comment        0x00000000       0x43
 .comment       0x00000000       0x43 ./Core/Src/liquidcrystal_i2c.o
                                 0x44 (size before relaxing)
 .comment       0x00000043       0x44 ./Core/Src/main.o
 .comment       0x00000043       0x44 ./Core/Src/stm32f4xx_hal_msp.o
 .comment       0x00000043       0x44 ./Core/Src/stm32f4xx_it.o
 .comment       0x00000043       0x44 ./Core/Src/system_stm32f4xx.o
 .comment       0x00000043       0x44 ./Drivers/API/Src/API_ALARMA.o
 .comment       0x00000043       0x44 ./Drivers/API/Src/API_BUZZER.o
 .comment       0x00000043       0x44 ./Drivers/API/Src/API_Debounce.o
 .comment       0x00000043       0x44 ./Drivers/API/Src/API_Delay.o
 .comment       0x00000043       0x44 ./Drivers/API/Src/API_GPIO.o
 .comment       0x00000043       0x44 ./Drivers/API/Src/API_LEDS.o
 .comment       0x00000043       0x44 ./Drivers/API/Src/API_MOTOR.o
 .comment       0x00000043       0x44 ./Drivers/API/Src/API_SM.o
 .comment       0x00000043       0x44 ./Drivers/API/Src/API_US.o
 .comment       0x00000043       0x44 ./Drivers/API/Src/ULTRASONICO.o
 .comment       0x00000043       0x44 ./Drivers/STM32F4xx_HAL_Driver/Src/stm32f4xx_hal.o
 .comment       0x00000043       0x44 ./Drivers/STM32F4xx_HAL_Driver/Src/stm32f4xx_hal_cortex.o
 .comment       0x00000043       0x44 ./Drivers/STM32F4xx_HAL_Driver/Src/stm32f4xx_hal_gpio.o
 .comment       0x00000043       0x44 ./Drivers/STM32F4xx_HAL_Driver/Src/stm32f4xx_hal_i2c.o
 .comment       0x00000043       0x44 ./Drivers/STM32F4xx_HAL_Driver/Src/stm32f4xx_hal_i2c_ex.o
 .comment       0x00000043       0x44 ./Drivers/STM32F4xx_HAL_Driver/Src/stm32f4xx_hal_rcc.o
 .comment       0x00000043       0x44 ./Drivers/STM32F4xx_HAL_Driver/Src/stm32f4xx_hal_tim.o
 .comment       0x00000043       0x44 ./Drivers/STM32F4xx_HAL_Driver/Src/stm32f4xx_hal_tim_ex.o
 .comment       0x00000043       0x44 ./Drivers/STM32F4xx_HAL_Driver/Src/stm32f4xx_hal_uart.o

.debug_frame    0x00000000     0x488c
 .debug_frame   0x00000000      0x428 ./Core/Src/liquidcrystal_i2c.o
 .debug_frame   0x00000428      0x110 ./Core/Src/main.o
 .debug_frame   0x00000538      0x160 ./Core/Src/stm32f4xx_hal_msp.o
 .debug_frame   0x00000698      0x104 ./Core/Src/stm32f4xx_it.o
 .debug_frame   0x0000079c       0x58 ./Core/Src/system_stm32f4xx.o
 .debug_frame   0x000007f4       0x50 ./Drivers/API/Src/API_ALARMA.o
 .debug_frame   0x00000844       0x6c ./Drivers/API/Src/API_BUZZER.o
 .debug_frame   0x000008b0       0x68 ./Drivers/API/Src/API_Debounce.o
 .debug_frame   0x00000918       0x84 ./Drivers/API/Src/API_Delay.o
 .debug_frame   0x0000099c      0x11c ./Drivers/API/Src/API_GPIO.o
 .debug_frame   0x00000ab8       0x88 ./Drivers/API/Src/API_LEDS.o
 .debug_frame   0x00000b40       0x5c ./Drivers/API/Src/API_MOTOR.o
 .debug_frame   0x00000b9c       0x50 ./Drivers/API/Src/API_SM.o
 .debug_frame   0x00000bec       0x54 ./Drivers/API/Src/API_US.o
 .debug_frame   0x00000c40       0x54 ./Drivers/API/Src/ULTRASONICO.o
 .debug_frame   0x00000c94      0x3b4 ./Drivers/STM32F4xx_HAL_Driver/Src/stm32f4xx_hal.o
 .debug_frame   0x00001048      0x508 ./Drivers/STM32F4xx_HAL_Driver/Src/stm32f4xx_hal_cortex.o
 .debug_frame   0x00001550      0x14c ./Drivers/STM32F4xx_HAL_Driver/Src/stm32f4xx_hal_gpio.o
 .debug_frame   0x0000169c      0xc84 ./Drivers/STM32F4xx_HAL_Driver/Src/stm32f4xx_hal_i2c.o
 .debug_frame   0x00002320       0x60 ./Drivers/STM32F4xx_HAL_Driver/Src/stm32f4xx_hal_i2c_ex.o
 .debug_frame   0x00002380      0x1f4 ./Drivers/STM32F4xx_HAL_Driver/Src/stm32f4xx_hal_rcc.o
 .debug_frame   0x00002574     0x11c0 ./Drivers/STM32F4xx_HAL_Driver/Src/stm32f4xx_hal_tim.o
 .debug_frame   0x00003734      0x638 ./Drivers/STM32F4xx_HAL_Driver/Src/stm32f4xx_hal_tim_ex.o
 .debug_frame   0x00003d6c      0x954 ./Drivers/STM32F4xx_HAL_Driver/Src/stm32f4xx_hal_uart.o
 .debug_frame   0x000046c0       0x20 C:/ST/STM32CubeIDE_1.16.1/STM32CubeIDE/plugins/com.st.stm32cube.ide.mcu.externaltools.gnu-tools-for-stm32.12.3.rel1.win32_1.0.200.202406191623/tools/bin/../lib/gcc/arm-none-eabi/12.3.1/../../../../arm-none-eabi/lib/thumb/v7e-m+fp/hard\libc_nano.a(libc_a-memset.o)
 .debug_frame   0x000046e0       0x2c C:/ST/STM32CubeIDE_1.16.1/STM32CubeIDE/plugins/com.st.stm32cube.ide.mcu.externaltools.gnu-tools-for-stm32.12.3.rel1.win32_1.0.200.202406191623/tools/bin/../lib/gcc/arm-none-eabi/12.3.1/../../../../arm-none-eabi/lib/thumb/v7e-m+fp/hard\libc_nano.a(libc_a-init.o)
 .debug_frame   0x0000470c       0xac C:/ST/STM32CubeIDE_1.16.1/STM32CubeIDE/plugins/com.st.stm32cube.ide.mcu.externaltools.gnu-tools-for-stm32.12.3.rel1.win32_1.0.200.202406191623/tools/bin/../lib/gcc/arm-none-eabi/12.3.1/thumb/v7e-m+fp/hard\libgcc.a(_arm_addsubdf3.o)
 .debug_frame   0x000047b8       0x50 C:/ST/STM32CubeIDE_1.16.1/STM32CubeIDE/plugins/com.st.stm32cube.ide.mcu.externaltools.gnu-tools-for-stm32.12.3.rel1.win32_1.0.200.202406191623/tools/bin/../lib/gcc/arm-none-eabi/12.3.1/thumb/v7e-m+fp/hard\libgcc.a(_arm_muldivdf3.o)
 .debug_frame   0x00004808       0x24 C:/ST/STM32CubeIDE_1.16.1/STM32CubeIDE/plugins/com.st.stm32cube.ide.mcu.externaltools.gnu-tools-for-stm32.12.3.rel1.win32_1.0.200.202406191623/tools/bin/../lib/gcc/arm-none-eabi/12.3.1/thumb/v7e-m+fp/hard\libgcc.a(_arm_fixunsdfsi.o)
 .debug_frame   0x0000482c       0x2c C:/ST/STM32CubeIDE_1.16.1/STM32CubeIDE/plugins/com.st.stm32cube.ide.mcu.externaltools.gnu-tools-for-stm32.12.3.rel1.win32_1.0.200.202406191623/tools/bin/../lib/gcc/arm-none-eabi/12.3.1/thumb/v7e-m+fp/hard\libgcc.a(_aeabi_uldivmod.o)
 .debug_frame   0x00004858       0x34 C:/ST/STM32CubeIDE_1.16.1/STM32CubeIDE/plugins/com.st.stm32cube.ide.mcu.externaltools.gnu-tools-for-stm32.12.3.rel1.win32_1.0.200.202406191623/tools/bin/../lib/gcc/arm-none-eabi/12.3.1/thumb/v7e-m+fp/hard\libgcc.a(_udivmoddi4.o)

.debug_line_str
                0x00000000       0x68
 .debug_line_str
                0x00000000       0x68 ./Core/Startup/startup_stm32f429zitx.o
